# Logfile created on 2026-09-07 14:26:30 +0200 by logger.rb/v1.5.3
2026-09-07 14:26:30 +0200: Memory Usage (454412K) : Starting running IHP-SG13G2 Klayout DRC Density runset on /foss/designs/vco/layout/vco_20g_routed.gds
2026-09-07 14:26:30 +0200: Memory Usage (454412K) : Ruby Version for klayout: 3.2.3
2026-09-07 14:26:30 +0200: Memory Usage (455692K) : Loading database to memory is complete.
2026-09-07 14:26:30 +0200: Memory Usage (455692K) : IHP-SG13G2 Klayout DRC Density runset output at: /foss/designs/vco/layout/drc_run_2026_09_07_12_26_13/vco_20g_routed_vco_20g_density.lyrdb
2026-09-07 14:26:30 +0200: Memory Usage (455692K) : Evaluate switches.
2026-09-07 14:26:30 +0200: Memory Usage (455692K) : Configured KLayout worker thread(s): 12.
2026-09-07 14:26:30 +0200: Memory Usage (455692K) : Deep mode enabled: reading layers and preparing general derivations.
2026-09-07 14:26:30 +0200: Memory Usage (455692K) : PreCheck DRC enabled: false
2026-09-07 14:26:30 +0200: Memory Usage (455692K) : Density sanity checks enabled: false
2026-09-07 14:26:30 +0200: Memory Usage (455692K) : Read in polygons from layers.
2026-09-07 14:26:30 +0200: Memory Usage (457228K) : activ_drw has 229 polygons
2026-09-07 14:26:30 +0200: Memory Usage (457356K) : activ_mask has 6 polygons
2026-09-07 14:26:30 +0200: Memory Usage (457356K) : activ_filler has 0 polygons
2026-09-07 14:26:30 +0200: Memory Usage (457356K) : gatpoly_drw has 134 polygons
2026-09-07 14:26:30 +0200: Memory Usage (457484K) : gatpoly_filler has 0 polygons
2026-09-07 14:26:30 +0200: Memory Usage (457484K) : metal1_drw has 250 polygons
2026-09-07 14:26:30 +0200: Memory Usage (457612K) : metal1_filler has 0 polygons
2026-09-07 14:26:30 +0200: Memory Usage (457612K) : metal1_slit has 0 polygons
2026-09-07 14:26:30 +0200: Memory Usage (457612K) : metal2_drw has 120 polygons
2026-09-07 14:26:30 +0200: Memory Usage (457740K) : metal2_filler has 0 polygons
2026-09-07 14:26:30 +0200: Memory Usage (457740K) : metal2_slit has 0 polygons
2026-09-07 14:26:30 +0200: Memory Usage (457740K) : metal3_drw has 70 polygons
2026-09-07 14:26:30 +0200: Memory Usage (457868K) : metal3_filler has 0 polygons
2026-09-07 14:26:30 +0200: Memory Usage (457868K) : metal3_slit has 0 polygons
2026-09-07 14:26:30 +0200: Memory Usage (457868K) : metal4_drw has 68 polygons
2026-09-07 14:26:30 +0200: Memory Usage (457996K) : metal4_filler has 0 polygons
2026-09-07 14:26:30 +0200: Memory Usage (457996K) : metal4_slit has 0 polygons
2026-09-07 14:26:30 +0200: Memory Usage (457996K) : metal5_drw has 94 polygons
2026-09-07 14:26:30 +0200: Memory Usage (458124K) : metal5_filler has 0 polygons
2026-09-07 14:26:30 +0200: Memory Usage (458124K) : metal5_slit has 0 polygons
2026-09-07 14:26:30 +0200: Memory Usage (458252K) : topmetal1_drw has 28 polygons
2026-09-07 14:26:30 +0200: Memory Usage (458252K) : topmetal1_filler has 0 polygons
2026-09-07 14:26:30 +0200: Memory Usage (458252K) : topmetal1_slit has 0 polygons
2026-09-07 14:26:30 +0200: Memory Usage (458380K) : topmetal2_drw has 4 polygons
2026-09-07 14:26:30 +0200: Memory Usage (458380K) : topmetal2_filler has 0 polygons
2026-09-07 14:26:30 +0200: Memory Usage (458380K) : topmetal2_slit has 0 polygons
2026-09-07 14:26:30 +0200: Memory Usage (458508K) : lbe_drw has 0 polygons
2026-09-07 14:26:30 +0200: Memory Usage (458508K) : prboundary_drw has 0 polygons
2026-09-07 14:26:30 +0200: Memory Usage (458508K) : edgeseal_bound has 0 polygons
2026-09-07 14:26:30 +0200: Memory Usage (458508K) : Loaded TECH DRC rules values from /foss/pdks/ihp-sg13g2/libs.tech/klayout/python/sg13g2_pycell_lib/sg13g2_tech_mod.json
2026-09-07 14:26:30 +0200: Memory Usage (458508K) : Loaded default DRC rules values from /foss/pdks/ihp-sg13g2/libs.tech/klayout/tech/drc/rule_decks/sg13g2_tech_default.json
2026-09-07 14:26:30 +0200: Memory Usage (458508K) : The following rules values were missing in tech json and default values were used:
2026-09-07 14:26:30 +0200: Memory Usage (458508K) :   - NW_f1_digibnd
2026-09-07 14:26:30 +0200: Memory Usage (458508K) :   - Cnt_c_digibnd
2026-09-07 14:26:30 +0200: Memory Usage (458508K) :   - Cnt_c_sram
2026-09-07 14:26:30 +0200: Memory Usage (458508K) :   - Sdiod_b
2026-09-07 14:26:30 +0200: Memory Usage (458508K) :   - Sdiod_c
2026-09-07 14:26:30 +0200: Memory Usage (459672K) : Density sanity markers are disabled (set -rd density_sanity=true to enable).
2026-09-07 14:26:30 +0200: Memory Usage (459672K) : No prBoundary found. Using layout extent for chip area: 130438.385 um^2.
2026-09-07 14:26:30 +0200: Memory Usage (459672K) : Using bbox (-150.7,-347.475;150.7,85.3) for density window origin.
2026-09-07 14:26:30 +0200: Memory Usage (459800K) : Total area of the design is 130438.385 um^2.
2026-09-07 14:26:30 +0200: Memory Usage (459800K) : Starting density IHP-SG13G2 derivations.
2026-09-07 14:26:30 +0200: Memory Usage (460696K) : Starting IHP-SG13G2 DENSITY DRC rules.
2026-09-07 14:26:30 +0200: Memory Usage (460696K) : Computing activ area and density...
2026-09-07 14:26:30 +0200: Memory Usage (460824K) : Executing rule AFil.g
2026-09-07 14:26:30 +0200: Memory Usage (460952K) : Executing rule AFil.g1
2026-09-07 14:26:30 +0200: Memory Usage (460952K) : Executing rule AFil.g2
2026-09-07 14:26:30 +0200: Memory Usage (462104K) : Executing rule AFil.g3
2026-09-07 14:26:30 +0200: Memory Usage (462104K) : Computing poly area and density...
2026-09-07 14:26:30 +0200: Memory Usage (462232K) : Executing rule GFil.g
2026-09-07 14:26:30 +0200: Memory Usage (462232K) : Computing metal1 area and density...
2026-09-07 14:26:30 +0200: Memory Usage (462488K) : Executing rule M1.j
2026-09-07 14:26:30 +0200: Memory Usage (462488K) : Executing rule M1.k
2026-09-07 14:26:30 +0200: Memory Usage (462488K) : Computing metal2 area and density...
2026-09-07 14:26:30 +0200: Memory Usage (462616K) : Computing metal3 area and density...
2026-09-07 14:26:30 +0200: Memory Usage (462616K) : Computing metal4 area and density...
2026-09-07 14:26:30 +0200: Memory Usage (462616K) : Computing metal5 area and density...
2026-09-07 14:26:30 +0200: Memory Usage (462744K) : Executing rule M2.j
2026-09-07 14:26:30 +0200: Memory Usage (462744K) : Executing rule M2.k
2026-09-07 14:26:30 +0200: Memory Usage (462744K) : Executing rule M3.j
2026-09-07 14:26:30 +0200: Memory Usage (462744K) : Executing rule M3.k
2026-09-07 14:26:30 +0200: Memory Usage (462744K) : Executing rule M4.j
2026-09-07 14:26:30 +0200: Memory Usage (462744K) : Executing rule M4.k
2026-09-07 14:26:30 +0200: Memory Usage (462744K) : Executing rule M5.j
2026-09-07 14:26:30 +0200: Memory Usage (462744K) : Executing rule M5.k
2026-09-07 14:26:30 +0200: Memory Usage (462744K) : Executing rule M1Fil.h
2026-09-07 14:26:30 +0200: Memory Usage (463000K) : Executing rule M1Fil.k
2026-09-07 14:26:30 +0200: Memory Usage (463128K) : Executing rule M2Fil.h
2026-09-07 14:26:30 +0200: Memory Usage (463384K) : Executing rule M2Fil.k
2026-09-07 14:26:30 +0200: Memory Usage (463512K) : Executing rule M3Fil.h
2026-09-07 14:26:30 +0200: Memory Usage (463640K) : Executing rule M3Fil.k
2026-09-07 14:26:30 +0200: Memory Usage (463768K) : Executing rule M4Fil.h
2026-09-07 14:26:30 +0200: Memory Usage (463768K) : Executing rule M4Fil.k
2026-09-07 14:26:30 +0200: Memory Usage (463896K) : Executing rule M5Fil.h
2026-09-07 14:26:30 +0200: Memory Usage (464152K) : Executing rule M5Fil.k
2026-09-07 14:26:30 +0200: Memory Usage (464152K) : Computing TopMetal1 area and density...
2026-09-07 14:26:30 +0200: Memory Usage (464152K) : Executing rule TM1.c
2026-09-07 14:26:30 +0200: Memory Usage (464152K) : Executing rule TM1.d
2026-09-07 14:26:30 +0200: Memory Usage (464152K) : Computing TopMetal2 area and density...
2026-09-07 14:26:30 +0200: Memory Usage (464280K) : Executing rule TM2.c
2026-09-07 14:26:30 +0200: Memory Usage (464280K) : Executing rule TM2.d
2026-09-07 14:26:30 +0200: Memory Usage (464280K) : Computing LBE area and density...
2026-09-07 14:26:30 +0200: Memory Usage (464280K) : Executing rule LBE.i
2026-09-07 14:26:30 +0200: Memory Usage (464280K) : Executing rule Slt.i_M1
2026-09-07 14:26:30 +0200: Memory Usage (464792K) : Executing rule Slt.i_M2
2026-09-07 14:26:30 +0200: Memory Usage (465048K) : Executing rule Slt.i_M3
2026-09-07 14:26:30 +0200: Memory Usage (465304K) : Executing rule Slt.i_M4
2026-09-07 14:26:30 +0200: Memory Usage (465688K) : Executing rule Slt.i_M5
2026-09-07 14:26:30 +0200: Memory Usage (465816K) : Executing rule Slt.i_TM1
2026-09-07 14:26:30 +0200: Memory Usage (465816K) : Executing rule Slt.i_TM2
2026-09-07 14:26:30 +0200: Memory Usage (465816K) : ##################################################
2026-09-07 14:26:30 +0200: Memory Usage (465816K) :                  Density Report                 #
2026-09-07 14:26:30 +0200: Memory Usage (465816K) : ##################################################
2026-09-07 14:26:30 +0200: Memory Usage (465816K) : 
2026-09-07 14:26:30 +0200: Memory Usage (465816K) : Layer areas and percentages (units: um^2)
2026-09-07 14:26:30 +0200: Memory Usage (465816K) : --------------------------------------------------
2026-09-07 14:26:30 +0200: Memory Usage (465816K) : 
2026-09-07 14:26:30 +0200: Memory Usage (465816K) : Total Area     = 130438.38 um^2
2026-09-07 14:26:30 +0200: Memory Usage (465816K) : 
2026-09-07 14:26:30 +0200: Memory Usage (465816K) : Activ      Area      = 1261.82 µm²
2026-09-07 14:26:30 +0200: Memory Usage (465816K) : Activ      Density % =  0.97%  [Min = 35.00%,  Max = 55.00%]
2026-09-07 14:26:30 +0200: Memory Usage (465816K) : 
2026-09-07 14:26:30 +0200: Memory Usage (465816K) : GatPoly    Area      = 775.99 µm²
2026-09-07 14:26:30 +0200: Memory Usage (465816K) : GatPoly    Density % =  0.59%  [Min = 15.00%]
2026-09-07 14:26:30 +0200: Memory Usage (465816K) : 
2026-09-07 14:26:30 +0200: Memory Usage (465816K) : Metal1     Area      = 310.46 µm²
2026-09-07 14:26:30 +0200: Memory Usage (465816K) : Metal1     Density % =  0.24%  [Min = 35.00%,  Max = 60.00%]
2026-09-07 14:26:30 +0200: Memory Usage (465816K) : 
2026-09-07 14:26:30 +0200: Memory Usage (465816K) : Metal2     Area      = 859.63 µm²
2026-09-07 14:26:30 +0200: Memory Usage (465816K) : Metal2     Density % =  0.66%  [Min = 35.00%,  Max = 60.00%]
2026-09-07 14:26:30 +0200: Memory Usage (465816K) : 
2026-09-07 14:26:30 +0200: Memory Usage (465816K) : Metal3     Area      = 375.55 µm²
2026-09-07 14:26:30 +0200: Memory Usage (465816K) : Metal3     Density % =  0.29%  [Min = 35.00%,  Max = 60.00%]
2026-09-07 14:26:30 +0200: Memory Usage (465816K) : 
2026-09-07 14:26:30 +0200: Memory Usage (465816K) : Metal4     Area      = 352.96 µm²
2026-09-07 14:26:30 +0200: Memory Usage (465816K) : Metal4     Density % =  0.27%  [Min = 35.00%,  Max = 60.00%]
2026-09-07 14:26:30 +0200: Memory Usage (465816K) : 
2026-09-07 14:26:30 +0200: Memory Usage (465816K) : Metal5     Area      = 6839.01 µm²
2026-09-07 14:26:30 +0200: Memory Usage (465816K) : Metal5     Density % =  5.24%  [Min = 35.00%,  Max = 60.00%]
2026-09-07 14:26:30 +0200: Memory Usage (465816K) : 
2026-09-07 14:26:30 +0200: Memory Usage (465816K) : TopMetal1  Area      = 6138.38 µm²
2026-09-07 14:26:30 +0200: Memory Usage (465816K) : TopMetal1  Density % =  4.71%  [Min = 25.00%,  Max = 70.00%]
2026-09-07 14:26:30 +0200: Memory Usage (465816K) : 
2026-09-07 14:26:30 +0200: Memory Usage (465816K) : TopMetal2  Area      = 3849.21 µm²
2026-09-07 14:26:30 +0200: Memory Usage (465816K) : TopMetal2  Density % =  2.95%  [Min = 25.00%,  Max = 70.00%]
2026-09-07 14:26:30 +0200: Memory Usage (465816K) : 
2026-09-07 14:26:30 +0200: Memory Usage (465816K) : LBE        Area      =  0.00 µm²
2026-09-07 14:26:30 +0200: Memory Usage (465816K) : LBE        Density % =  0.00%  [Max = 20.00%]
2026-09-07 14:26:30 +0200: Memory Usage (465816K) : 
2026-09-07 14:26:30 +0200: Memory Usage (465816K) : KLayout DRC run for density table completed in 0.58 seconds
