QStandardPaths: runtime directory '/tmp/runtime-default' is not owned by UID 1000, but a directory permissions 0777 owned by UID 0 GID 0
[0m[33m2026-07-27 23:32:47.482 (   1.657s) [        920C0A40]vtkOpenGLPolyDataMapper:306   WARN| vtkOpenGLPolyDataMapper::GetVertexShaderCode was deprecated for VTK 9.0 and will be removed in a future version.  Use vtkOpenGLShaderProperty::GetVertexShaderCode instead.[0m
[0m[33m2026-07-27 23:32:47.482 (   1.657s) [        920C0A40]vtkOpenGLPolyDataMapper:298   WARN| vtkOpenGLPolyDataMapper::SetVertexShaderCode was deprecated for VTK 9.0 and will be removed in a future version.  Use vtkOpenGLShaderProperty::SetVertexShaderCode instead.[0m
[0m[33m2026-07-27 23:32:47.482 (   1.657s) [        920C0A40]vtkOpenGLPolyDataMapper:336   WARN| vtkOpenGLPolyDataMapper::GetGeometryShaderCode was deprecated for VTK 9.0 and will be removed in a future version.  Use vtkOpenGLShaderProperty::GetGeometryShaderCode instead.[0m
[0m[33m2026-07-27 23:32:47.482 (   1.657s) [        920C0A40]vtkOpenGLPolyDataMapper:328   WARN| vtkOpenGLPolyDataMapper::SetGeometryShaderCode was deprecated for VTK 9.0 and will be removed in a future version.  Use vtkOpenGLShaderProperty::SetGeometryShaderCode instead.[0m
[0m[33m2026-07-27 23:32:47.482 (   1.657s) [        920C0A40]vtkOpenGLPolyDataMapper:321   WARN| vtkOpenGLPolyDataMapper::GetFragmentShaderCode was deprecated for VTK 9.0 and will be removed in a future version.  Use vtkOpenGLShaderProperty::GetFragmentShaderCode instead.[0m
[0m[33m2026-07-27 23:32:47.482 (   1.657s) [        920C0A40]vtkOpenGLPolyDataMapper:313   WARN| vtkOpenGLPolyDataMapper::SetFragmentShaderCode was deprecated for VTK 9.0 and will be removed in a future version.  Use vtkOpenGLShaderProperty::SetFragmentShaderCode instead.[0m
[0m[33m2026-07-27 23:32:47.482 (   1.657s) [        920C0A40]vtkOpenGLPolyDataMapper:306   WARN| vtkOpenGLPolyDataMapper::GetVertexShaderCode was deprecated for VTK 9.0 and will be removed in a future version.  Use vtkOpenGLShaderProperty::GetVertexShaderCode instead.[0m
[0m[33m2026-07-27 23:32:47.482 (   1.657s) [        920C0A40]vtkOpenGLPolyDataMapper:298   WARN| vtkOpenGLPolyDataMapper::SetVertexShaderCode was deprecated for VTK 9.0 and will be removed in a future version.  Use vtkOpenGLShaderProperty::SetVertexShaderCode instead.[0m
[0m[33m2026-07-27 23:32:47.482 (   1.657s) [        920C0A40]vtkOpenGLPolyDataMapper:336   WARN| vtkOpenGLPolyDataMapper::GetGeometryShaderCode was deprecated for VTK 9.0 and will be removed in a future version.  Use vtkOpenGLShaderProperty::GetGeometryShaderCode instead.[0m
[0m[33m2026-07-27 23:32:47.482 (   1.657s) [        920C0A40]vtkOpenGLPolyDataMapper:328   WARN| vtkOpenGLPolyDataMapper::SetGeometryShaderCode was deprecated for VTK 9.0 and will be removed in a future version.  Use vtkOpenGLShaderProperty::SetGeometryShaderCode instead.[0m
[0m[33m2026-07-27 23:32:47.482 (   1.657s) [        920C0A40]vtkOpenGLPolyDataMapper:321   WARN| vtkOpenGLPolyDataMapper::GetFragmentShaderCode was deprecated for VTK 9.0 and will be removed in a future version.  Use vtkOpenGLShaderProperty::GetFragmentShaderCode instead.[0m
[0m[33m2026-07-27 23:32:47.482 (   1.657s) [        920C0A40]vtkOpenGLPolyDataMapper:313   WARN| vtkOpenGLPolyDataMapper::SetFragmentShaderCode was deprecated for VTK 9.0 and will be removed in a future version.  Use vtkOpenGLShaderProperty::SetFragmentShaderCode instead.[0m
[0m[33m2026-07-27 23:32:47.591 (   1.765s) [        920C0A40]vtkOpenGLPolyDataMapper:306   WARN| vtkOpenGLPolyDataMapper::GetVertexShaderCode was deprecated for VTK 9.0 and will be removed in a future version.  Use vtkOpenGLShaderProperty::GetVertexShaderCode instead.[0m
[0m[33m2026-07-27 23:32:47.591 (   1.765s) [        920C0A40]vtkOpenGLPolyDataMapper:298   WARN| vtkOpenGLPolyDataMapper::SetVertexShaderCode was deprecated for VTK 9.0 and will be removed in a future version.  Use vtkOpenGLShaderProperty::SetVertexShaderCode instead.[0m
[0m[33m2026-07-27 23:32:47.591 (   1.765s) [        920C0A40]vtkOpenGLPolyDataMapper:336   WARN| vtkOpenGLPolyDataMapper::GetGeometryShaderCode was deprecated for VTK 9.0 and will be removed in a future version.  Use vtkOpenGLShaderProperty::GetGeometryShaderCode instead.[0m
[0m[33m2026-07-27 23:32:47.591 (   1.765s) [        920C0A40]vtkOpenGLPolyDataMapper:328   WARN| vtkOpenGLPolyDataMapper::SetGeometryShaderCode was deprecated for VTK 9.0 and will be removed in a future version.  Use vtkOpenGLShaderProperty::SetGeometryShaderCode instead.[0m
[0m[33m2026-07-27 23:32:47.591 (   1.765s) [        920C0A40]vtkOpenGLPolyDataMapper:321   WARN| vtkOpenGLPolyDataMapper::GetFragmentShaderCode was deprecated for VTK 9.0 and will be removed in a future version.  Use vtkOpenGLShaderProperty::GetFragmentShaderCode instead.[0m
[0m[33m2026-07-27 23:32:47.591 (   1.765s) [        920C0A40]vtkOpenGLPolyDataMapper:313   WARN| vtkOpenGLPolyDataMapper::SetFragmentShaderCode was deprecated for VTK 9.0 and will be removed in a future version.  Use vtkOpenGLShaderProperty::SetFragmentShaderCode instead.[0m
[0m[33m2026-07-27 23:32:47.591 (   1.765s) [        920C0A40]vtkOpenGLPolyDataMapper:306   WARN| vtkOpenGLPolyDataMapper::GetVertexShaderCode was deprecated for VTK 9.0 and will be removed in a future version.  Use vtkOpenGLShaderProperty::GetVertexShaderCode instead.[0m
[0m[33m2026-07-27 23:32:47.591 (   1.765s) [        920C0A40]vtkOpenGLPolyDataMapper:298   WARN| vtkOpenGLPolyDataMapper::SetVertexShaderCode was deprecated for VTK 9.0 and will be removed in a future version.  Use vtkOpenGLShaderProperty::SetVertexShaderCode instead.[0m
[0m[33m2026-07-27 23:32:47.591 (   1.765s) [        920C0A40]vtkOpenGLPolyDataMapper:336   WARN| vtkOpenGLPolyDataMapper::GetGeometryShaderCode was deprecated for VTK 9.0 and will be removed in a future version.  Use vtkOpenGLShaderProperty::GetGeometryShaderCode instead.[0m
[0m[33m2026-07-27 23:32:47.591 (   1.765s) [        920C0A40]vtkOpenGLPolyDataMapper:328   WARN| vtkOpenGLPolyDataMapper::SetGeometryShaderCode was deprecated for VTK 9.0 and will be removed in a future version.  Use vtkOpenGLShaderProperty::SetGeometryShaderCode instead.[0m
[0m[33m2026-07-27 23:32:47.591 (   1.765s) [        920C0A40]vtkOpenGLPolyDataMapper:321   WARN| vtkOpenGLPolyDataMapper::GetFragmentShaderCode was deprecated for VTK 9.0 and will be removed in a future version.  Use vtkOpenGLShaderProperty::GetFragmentShaderCode instead.[0m
[0m[33m2026-07-27 23:32:47.591 (   1.765s) [        920C0A40]vtkOpenGLPolyDataMapper:313   WARN| vtkOpenGLPolyDataMapper::SetFragmentShaderCode was deprecated for VTK 9.0 and will be removed in a future version.  Use vtkOpenGLShaderProperty::SetFragmentShaderCode instead.[0m
[0m[33m2026-07-27 23:32:47.591 (   1.766s) [        920C0A40]vtkOpenGLPolyDataMapper:306   WARN| vtkOpenGLPolyDataMapper::GetVertexShaderCode was deprecated for VTK 9.0 and will be removed in a future version.  Use vtkOpenGLShaderProperty::GetVertexShaderCode instead.[0m
[0m[33m2026-07-27 23:32:47.591 (   1.766s) [        920C0A40]vtkOpenGLPolyDataMapper:298   WARN| vtkOpenGLPolyDataMapper::SetVertexShaderCode was deprecated for VTK 9.0 and will be removed in a future version.  Use vtkOpenGLShaderProperty::SetVertexShaderCode instead.[0m
[0m[33m2026-07-27 23:32:47.591 (   1.766s) [        920C0A40]vtkOpenGLPolyDataMapper:336   WARN| vtkOpenGLPolyDataMapper::GetGeometryShaderCode was deprecated for VTK 9.0 and will be removed in a future version.  Use vtkOpenGLShaderProperty::GetGeometryShaderCode instead.[0m
[0m[33m2026-07-27 23:32:47.591 (   1.766s) [        920C0A40]vtkOpenGLPolyDataMapper:328   WARN| vtkOpenGLPolyDataMapper::SetGeometryShaderCode was deprecated for VTK 9.0 and will be removed in a future version.  Use vtkOpenGLShaderProperty::SetGeometryShaderCode instead.[0m
[0m[33m2026-07-27 23:32:47.591 (   1.766s) [        920C0A40]vtkOpenGLPolyDataMapper:321   WARN| vtkOpenGLPolyDataMapper::GetFragmentShaderCode was deprecated for VTK 9.0 and will be removed in a future version.  Use vtkOpenGLShaderProperty::GetFragmentShaderCode instead.[0m
[0m[33m2026-07-27 23:32:47.591 (   1.766s) [        920C0A40]vtkOpenGLPolyDataMapper:313   WARN| vtkOpenGLPolyDataMapper::SetFragmentShaderCode was deprecated for VTK 9.0 and will be removed in a future version.  Use vtkOpenGLShaderProperty::SetFragmentShaderCode instead.[0m
[0m[33m2026-07-27 23:32:47.591 (   1.766s) [        920C0A40]vtkOpenGLPolyDataMapper:306   WARN| vtkOpenGLPolyDataMapper::GetVertexShaderCode was deprecated for VTK 9.0 and will be removed in a future version.  Use vtkOpenGLShaderProperty::GetVertexShaderCode instead.[0m
[0m[33m2026-07-27 23:32:47.591 (   1.766s) [        920C0A40]vtkOpenGLPolyDataMapper:298   WARN| vtkOpenGLPolyDataMapper::SetVertexShaderCode was deprecated for VTK 9.0 and will be removed in a future version.  Use vtkOpenGLShaderProperty::SetVertexShaderCode instead.[0m
[0m[33m2026-07-27 23:32:47.591 (   1.766s) [        920C0A40]vtkOpenGLPolyDataMapper:336   WARN| vtkOpenGLPolyDataMapper::GetGeometryShaderCode was deprecated for VTK 9.0 and will be removed in a future version.  Use vtkOpenGLShaderProperty::GetGeometryShaderCode instead.[0m
[0m[33m2026-07-27 23:32:47.591 (   1.766s) [        920C0A40]vtkOpenGLPolyDataMapper:328   WARN| vtkOpenGLPolyDataMapper::SetGeometryShaderCode was deprecated for VTK 9.0 and will be removed in a future version.  Use vtkOpenGLShaderProperty::SetGeometryShaderCode instead.[0m
[0m[33m2026-07-27 23:32:47.591 (   1.766s) [        920C0A40]vtkOpenGLPolyDataMapper:321   WARN| vtkOpenGLPolyDataMapper::GetFragmentShaderCode was deprecated for VTK 9.0 and will be removed in a future version.  Use vtkOpenGLShaderProperty::GetFragmentShaderCode instead.[0m
[0m[33m2026-07-27 23:32:47.591 (   1.766s) [        920C0A40]vtkOpenGLPolyDataMapper:313   WARN| vtkOpenGLPolyDataMapper::SetFragmentShaderCode was deprecated for VTK 9.0 and will be removed in a future version.  Use vtkOpenGLShaderProperty::SetFragmentShaderCode instead.[0m
[0m[33m2026-07-27 23:32:47.592 (   1.766s) [        920C0A40]vtkOpenGLPolyDataMapper:306   WARN| vtkOpenGLPolyDataMapper::GetVertexShaderCode was deprecated for VTK 9.0 and will be removed in a future version.  Use vtkOpenGLShaderProperty::GetVertexShaderCode instead.[0m
[0m[33m2026-07-27 23:32:47.592 (   1.766s) [        920C0A40]vtkOpenGLPolyDataMapper:298   WARN| vtkOpenGLPolyDataMapper::SetVertexShaderCode was deprecated for VTK 9.0 and will be removed in a future version.  Use vtkOpenGLShaderProperty::SetVertexShaderCode instead.[0m
[0m[33m2026-07-27 23:32:47.592 (   1.766s) [        920C0A40]vtkOpenGLPolyDataMapper:336   WARN| vtkOpenGLPolyDataMapper::GetGeometryShaderCode was deprecated for VTK 9.0 and will be removed in a future version.  Use vtkOpenGLShaderProperty::GetGeometryShaderCode instead.[0m
[0m[33m2026-07-27 23:32:47.592 (   1.766s) [        920C0A40]vtkOpenGLPolyDataMapper:328   WARN| vtkOpenGLPolyDataMapper::SetGeometryShaderCode was deprecated for VTK 9.0 and will be removed in a future version.  Use vtkOpenGLShaderProperty::SetGeometryShaderCode instead.[0m
[0m[33m2026-07-27 23:32:47.592 (   1.766s) [        920C0A40]vtkOpenGLPolyDataMapper:321   WARN| vtkOpenGLPolyDataMapper::GetFragmentShaderCode was deprecated for VTK 9.0 and will be removed in a future version.  Use vtkOpenGLShaderProperty::GetFragmentShaderCode instead.[0m
[0m[33m2026-07-27 23:32:47.592 (   1.766s) [        920C0A40]vtkOpenGLPolyDataMapper:313   WARN| vtkOpenGLPolyDataMapper::SetFragmentShaderCode was deprecated for VTK 9.0 and will be removed in a future version.  Use vtkOpenGLShaderProperty::SetFragmentShaderCode instead.[0m
[0m[33m2026-07-27 23:32:47.592 (   1.766s) [        920C0A40]vtkOpenGLPolyDataMapper:306   WARN| vtkOpenGLPolyDataMapper::GetVertexShaderCode was deprecated for VTK 9.0 and will be removed in a future version.  Use vtkOpenGLShaderProperty::GetVertexShaderCode instead.[0m
[0m[33m2026-07-27 23:32:47.592 (   1.766s) [        920C0A40]vtkOpenGLPolyDataMapper:298   WARN| vtkOpenGLPolyDataMapper::SetVertexShaderCode was deprecated for VTK 9.0 and will be removed in a future version.  Use vtkOpenGLShaderProperty::SetVertexShaderCode instead.[0m
[0m[33m2026-07-27 23:32:47.592 (   1.766s) [        920C0A40]vtkOpenGLPolyDataMapper:336   WARN| vtkOpenGLPolyDataMapper::GetGeometryShaderCode was deprecated for VTK 9.0 and will be removed in a future version.  Use vtkOpenGLShaderProperty::GetGeometryShaderCode instead.[0m
[0m[33m2026-07-27 23:32:47.592 (   1.766s) [        920C0A40]vtkOpenGLPolyDataMapper:328   WARN| vtkOpenGLPolyDataMapper::SetGeometryShaderCode was deprecated for VTK 9.0 and will be removed in a future version.  Use vtkOpenGLShaderProperty::SetGeometryShaderCode instead.[0m
[0m[33m2026-07-27 23:32:47.592 (   1.766s) [        920C0A40]vtkOpenGLPolyDataMapper:321   WARN| vtkOpenGLPolyDataMapper::GetFragmentShaderCode was deprecated for VTK 9.0 and will be removed in a future version.  Use vtkOpenGLShaderProperty::GetFragmentShaderCode instead.[0m
[0m[33m2026-07-27 23:32:47.592 (   1.766s) [        920C0A40]vtkOpenGLPolyDataMapper:313   WARN| vtkOpenGLPolyDataMapper::SetFragmentShaderCode was deprecated for VTK 9.0 and will be removed in a future version.  Use vtkOpenGLShaderProperty::SetFragmentShaderCode instead.[0m
[0m[33m2026-07-27 23:32:47.592 (   1.767s) [        920C0A40]vtkOpenGLPolyDataMapper:306   WARN| vtkOpenGLPolyDataMapper::GetVertexShaderCode was deprecated for VTK 9.0 and will be removed in a future version.  Use vtkOpenGLShaderProperty::GetVertexShaderCode instead.[0m
[0m[33m2026-07-27 23:32:47.592 (   1.767s) [        920C0A40]vtkOpenGLPolyDataMapper:298   WARN| vtkOpenGLPolyDataMapper::SetVertexShaderCode was deprecated for VTK 9.0 and will be removed in a future version.  Use vtkOpenGLShaderProperty::SetVertexShaderCode instead.[0m
[0m[33m2026-07-27 23:32:47.592 (   1.767s) [        920C0A40]vtkOpenGLPolyDataMapper:336   WARN| vtkOpenGLPolyDataMapper::GetGeometryShaderCode was deprecated for VTK 9.0 and will be removed in a future version.  Use vtkOpenGLShaderProperty::GetGeometryShaderCode instead.[0m
[0m[33m2026-07-27 23:32:47.592 (   1.767s) [        920C0A40]vtkOpenGLPolyDataMapper:328   WARN| vtkOpenGLPolyDataMapper::SetGeometryShaderCode was deprecated for VTK 9.0 and will be removed in a future version.  Use vtkOpenGLShaderProperty::SetGeometryShaderCode instead.[0m
[0m[33m2026-07-27 23:32:47.592 (   1.767s) [        920C0A40]vtkOpenGLPolyDataMapper:321   WARN| vtkOpenGLPolyDataMapper::GetFragmentShaderCode was deprecated for VTK 9.0 and will be removed in a future version.  Use vtkOpenGLShaderProperty::GetFragmentShaderCode instead.[0m
[0m[33m2026-07-27 23:32:47.592 (   1.767s) [        920C0A40]vtkOpenGLPolyDataMapper:313   WARN| vtkOpenGLPolyDataMapper::SetFragmentShaderCode was deprecated for VTK 9.0 and will be removed in a future version.  Use vtkOpenGLShaderProperty::SetFragmentShaderCode instead.[0m
[0m[33m2026-07-27 23:32:47.593 (   1.767s) [        920C0A40]vtkOpenGLPolyDataMapper:306   WARN| vtkOpenGLPolyDataMapper::GetVertexShaderCode was deprecated for VTK 9.0 and will be removed in a future version.  Use vtkOpenGLShaderProperty::GetVertexShaderCode instead.[0m
[0m[33m2026-07-27 23:32:47.593 (   1.767s) [        920C0A40]vtkOpenGLPolyDataMapper:298   WARN| vtkOpenGLPolyDataMapper::SetVertexShaderCode was deprecated for VTK 9.0 and will be removed in a future version.  Use vtkOpenGLShaderProperty::SetVertexShaderCode instead.[0m
[0m[33m2026-07-27 23:32:47.593 (   1.768s) [        920C0A40]vtkOpenGLPolyDataMapper:336   WARN| vtkOpenGLPolyDataMapper::GetGeometryShaderCode was deprecated for VTK 9.0 and will be removed in a future version.  Use vtkOpenGLShaderProperty::GetGeometryShaderCode instead.[0m
[0m[33m2026-07-27 23:32:47.593 (   1.768s) [        920C0A40]vtkOpenGLPolyDataMapper:328   WARN| vtkOpenGLPolyDataMapper::SetGeometryShaderCode was deprecated for VTK 9.0 and will be removed in a future version.  Use vtkOpenGLShaderProperty::SetGeometryShaderCode instead.[0m
[0m[33m2026-07-27 23:32:47.593 (   1.768s) [        920C0A40]vtkOpenGLPolyDataMapper:321   WARN| vtkOpenGLPolyDataMapper::GetFragmentShaderCode was deprecated for VTK 9.0 and will be removed in a future version.  Use vtkOpenGLShaderProperty::GetFragmentShaderCode instead.[0m
[0m[33m2026-07-27 23:32:47.593 (   1.768s) [        920C0A40]vtkOpenGLPolyDataMapper:313   WARN| vtkOpenGLPolyDataMapper::SetFragmentShaderCode was deprecated for VTK 9.0 and will be removed in a future version.  Use vtkOpenGLShaderProperty::SetFragmentShaderCode instead.[0m
[0m[33m2026-07-27 23:32:47.595 (   1.769s) [        920C0A40]vtkOpenGLPolyDataMapper:306   WARN| vtkOpenGLPolyDataMapper::GetVertexShaderCode was deprecated for VTK 9.0 and will be removed in a future version.  Use vtkOpenGLShaderProperty::GetVertexShaderCode instead.[0m
[0m[33m2026-07-27 23:32:47.595 (   1.769s) [        920C0A40]vtkOpenGLPolyDataMapper:298   WARN| vtkOpenGLPolyDataMapper::SetVertexShaderCode was deprecated for VTK 9.0 and will be removed in a future version.  Use vtkOpenGLShaderProperty::SetVertexShaderCode instead.[0m
[0m[33m2026-07-27 23:32:47.595 (   1.769s) [        920C0A40]vtkOpenGLPolyDataMapper:336   WARN| vtkOpenGLPolyDataMapper::GetGeometryShaderCode was deprecated for VTK 9.0 and will be removed in a future version.  Use vtkOpenGLShaderProperty::GetGeometryShaderCode instead.[0m
[0m[33m2026-07-27 23:32:47.595 (   1.769s) [        920C0A40]vtkOpenGLPolyDataMapper:328   WARN| vtkOpenGLPolyDataMapper::SetGeometryShaderCode was deprecated for VTK 9.0 and will be removed in a future version.  Use vtkOpenGLShaderProperty::SetGeometryShaderCode instead.[0m
[0m[33m2026-07-27 23:32:47.595 (   1.769s) [        920C0A40]vtkOpenGLPolyDataMapper:321   WARN| vtkOpenGLPolyDataMapper::GetFragmentShaderCode was deprecated for VTK 9.0 and will be removed in a future version.  Use vtkOpenGLShaderProperty::GetFragmentShaderCode instead.[0m
[0m[33m2026-07-27 23:32:47.595 (   1.769s) [        920C0A40]vtkOpenGLPolyDataMapper:313   WARN| vtkOpenGLPolyDataMapper::SetFragmentShaderCode was deprecated for VTK 9.0 and will be removed in a future version.  Use vtkOpenGLShaderProperty::SetFragmentShaderCode instead.[0m
[0m[33m2026-07-27 23:32:47.595 (   1.769s) [        920C0A40]vtkOpenGLPolyDataMapper:306   WARN| vtkOpenGLPolyDataMapper::GetVertexShaderCode was deprecated for VTK 9.0 and will be removed in a future version.  Use vtkOpenGLShaderProperty::GetVertexShaderCode instead.[0m
[0m[33m2026-07-27 23:32:47.595 (   1.769s) [        920C0A40]vtkOpenGLPolyDataMapper:298   WARN| vtkOpenGLPolyDataMapper::SetVertexShaderCode was deprecated for VTK 9.0 and will be removed in a future version.  Use vtkOpenGLShaderProperty::SetVertexShaderCode instead.[0m
[0m[33m2026-07-27 23:32:47.595 (   1.769s) [        920C0A40]vtkOpenGLPolyDataMapper:336   WARN| vtkOpenGLPolyDataMapper::GetGeometryShaderCode was deprecated for VTK 9.0 and will be removed in a future version.  Use vtkOpenGLShaderProperty::GetGeometryShaderCode instead.[0m
[0m[33m2026-07-27 23:32:47.595 (   1.769s) [        920C0A40]vtkOpenGLPolyDataMapper:328   WARN| vtkOpenGLPolyDataMapper::SetGeometryShaderCode was deprecated for VTK 9.0 and will be removed in a future version.  Use vtkOpenGLShaderProperty::SetGeometryShaderCode instead.[0m
[0m[33m2026-07-27 23:32:47.595 (   1.769s) [        920C0A40]vtkOpenGLPolyDataMapper:321   WARN| vtkOpenGLPolyDataMapper::GetFragmentShaderCode was deprecated for VTK 9.0 and will be removed in a future version.  Use vtkOpenGLShaderProperty::GetFragmentShaderCode instead.[0m
[0m[33m2026-07-27 23:32:47.595 (   1.769s) [        920C0A40]vtkOpenGLPolyDataMapper:313   WARN| vtkOpenGLPolyDataMapper::SetFragmentShaderCode was deprecated for VTK 9.0 and will be removed in a future version.  Use vtkOpenGLShaderProperty::SetFragmentShaderCode instead.[0m
[0m[33m2026-07-27 23:32:47.596 (   1.770s) [        920C0A40]vtkOpenGLPolyDataMapper:306   WARN| vtkOpenGLPolyDataMapper::GetVertexShaderCode was deprecated for VTK 9.0 and will be removed in a future version.  Use vtkOpenGLShaderProperty::GetVertexShaderCode instead.[0m
[0m[33m2026-07-27 23:32:47.596 (   1.770s) [        920C0A40]vtkOpenGLPolyDataMapper:298   WARN| vtkOpenGLPolyDataMapper::SetVertexShaderCode was deprecated for VTK 9.0 and will be removed in a future version.  Use vtkOpenGLShaderProperty::SetVertexShaderCode instead.[0m
[0m[33m2026-07-27 23:32:47.596 (   1.770s) [        920C0A40]vtkOpenGLPolyDataMapper:336   WARN| vtkOpenGLPolyDataMapper::GetGeometryShaderCode was deprecated for VTK 9.0 and will be removed in a future version.  Use vtkOpenGLShaderProperty::GetGeometryShaderCode instead.[0m
[0m[33m2026-07-27 23:32:47.596 (   1.770s) [        920C0A40]vtkOpenGLPolyDataMapper:328   WARN| vtkOpenGLPolyDataMapper::SetGeometryShaderCode was deprecated for VTK 9.0 and will be removed in a future version.  Use vtkOpenGLShaderProperty::SetGeometryShaderCode instead.[0m
[0m[33m2026-07-27 23:32:47.596 (   1.770s) [        920C0A40]vtkOpenGLPolyDataMapper:321   WARN| vtkOpenGLPolyDataMapper::GetFragmentShaderCode was deprecated for VTK 9.0 and will be removed in a future version.  Use vtkOpenGLShaderProperty::GetFragmentShaderCode instead.[0m
[0m[33m2026-07-27 23:32:47.596 (   1.770s) [        920C0A40]vtkOpenGLPolyDataMapper:313   WARN| vtkOpenGLPolyDataMapper::SetFragmentShaderCode was deprecated for VTK 9.0 and will be removed in a future version.  Use vtkOpenGLShaderProperty::SetFragmentShaderCode instead.[0m
[0m[33m2026-07-27 23:32:47.596 (   1.770s) [        920C0A40]vtkOpenGLPolyDataMapper:306   WARN| vtkOpenGLPolyDataMapper::GetVertexShaderCode was deprecated for VTK 9.0 and will be removed in a future version.  Use vtkOpenGLShaderProperty::GetVertexShaderCode instead.[0m
[0m[33m2026-07-27 23:32:47.596 (   1.770s) [        920C0A40]vtkOpenGLPolyDataMapper:298   WARN| vtkOpenGLPolyDataMapper::SetVertexShaderCode was deprecated for VTK 9.0 and will be removed in a future version.  Use vtkOpenGLShaderProperty::SetVertexShaderCode instead.[0m
[0m[33m2026-07-27 23:32:47.596 (   1.770s) [        920C0A40]vtkOpenGLPolyDataMapper:336   WARN| vtkOpenGLPolyDataMapper::GetGeometryShaderCode was deprecated for VTK 9.0 and will be removed in a future version.  Use vtkOpenGLShaderProperty::GetGeometryShaderCode instead.[0m
[0m[33m2026-07-27 23:32:47.596 (   1.770s) [        920C0A40]vtkOpenGLPolyDataMapper:328   WARN| vtkOpenGLPolyDataMapper::SetGeometryShaderCode was deprecated for VTK 9.0 and will be removed in a future version.  Use vtkOpenGLShaderProperty::SetGeometryShaderCode instead.[0m
[0m[33m2026-07-27 23:32:47.596 (   1.770s) [        920C0A40]vtkOpenGLPolyDataMapper:321   WARN| vtkOpenGLPolyDataMapper::GetFragmentShaderCode was deprecated for VTK 9.0 and will be removed in a future version.  Use vtkOpenGLShaderProperty::GetFragmentShaderCode instead.[0m
[0m[33m2026-07-27 23:32:47.596 (   1.770s) [        920C0A40]vtkOpenGLPolyDataMapper:313   WARN| vtkOpenGLPolyDataMapper::SetFragmentShaderCode was deprecated for VTK 9.0 and will be removed in a future version.  Use vtkOpenGLShaderProperty::SetFragmentShaderCode instead.[0m
[0m[33m2026-07-27 23:32:47.596 (   1.770s) [        920C0A40]vtkOpenGLPolyDataMapper:306   WARN| vtkOpenGLPolyDataMapper::GetVertexShaderCode was deprecated for VTK 9.0 and will be removed in a future version.  Use vtkOpenGLShaderProperty::GetVertexShaderCode instead.[0m
[0m[33m2026-07-27 23:32:47.596 (   1.770s) [        920C0A40]vtkOpenGLPolyDataMapper:298   WARN| vtkOpenGLPolyDataMapper::SetVertexShaderCode was deprecated for VTK 9.0 and will be removed in a future version.  Use vtkOpenGLShaderProperty::SetVertexShaderCode instead.[0m
[0m[33m2026-07-27 23:32:47.596 (   1.770s) [        920C0A40]vtkOpenGLPolyDataMapper:336   WARN| vtkOpenGLPolyDataMapper::GetGeometryShaderCode was deprecated for VTK 9.0 and will be removed in a future version.  Use vtkOpenGLShaderProperty::GetGeometryShaderCode instead.[0m
[0m[33m2026-07-27 23:32:47.596 (   1.770s) [        920C0A40]vtkOpenGLPolyDataMapper:328   WARN| vtkOpenGLPolyDataMapper::SetGeometryShaderCode was deprecated for VTK 9.0 and will be removed in a future version.  Use vtkOpenGLShaderProperty::SetGeometryShaderCode instead.[0m
[0m[33m2026-07-27 23:32:47.596 (   1.770s) [        920C0A40]vtkOpenGLPolyDataMapper:321   WARN| vtkOpenGLPolyDataMapper::GetFragmentShaderCode was deprecated for VTK 9.0 and will be removed in a future version.  Use vtkOpenGLShaderProperty::GetFragmentShaderCode instead.[0m
[0m[33m2026-07-27 23:32:47.596 (   1.770s) [        920C0A40]vtkOpenGLPolyDataMapper:313   WARN| vtkOpenGLPolyDataMapper::SetFragmentShaderCode was deprecated for VTK 9.0 and will be removed in a future version.  Use vtkOpenGLShaderProperty::SetFragmentShaderCode instead.[0m
[0m[33m2026-07-27 23:32:47.596 (   1.770s) [        920C0A40]vtkOpenGLPolyDataMapper:306   WARN| vtkOpenGLPolyDataMapper::GetVertexShaderCode was deprecated for VTK 9.0 and will be removed in a future version.  Use vtkOpenGLShaderProperty::GetVertexShaderCode instead.[0m
[0m[33m2026-07-27 23:32:47.596 (   1.770s) [        920C0A40]vtkOpenGLPolyDataMapper:298   WARN| vtkOpenGLPolyDataMapper::SetVertexShaderCode was deprecated for VTK 9.0 and will be removed in a future version.  Use vtkOpenGLShaderProperty::SetVertexShaderCode instead.[0m
[0m[33m2026-07-27 23:32:47.596 (   1.770s) [        920C0A40]vtkOpenGLPolyDataMapper:336   WARN| vtkOpenGLPolyDataMapper::GetGeometryShaderCode was deprecated for VTK 9.0 and will be removed in a future version.  Use vtkOpenGLShaderProperty::GetGeometryShaderCode instead.[0m
[0m[33m2026-07-27 23:32:47.596 (   1.770s) [        920C0A40]vtkOpenGLPolyDataMapper:328   WARN| vtkOpenGLPolyDataMapper::SetGeometryShaderCode was deprecated for VTK 9.0 and will be removed in a future version.  Use vtkOpenGLShaderProperty::SetGeometryShaderCode instead.[0m
[0m[33m2026-07-27 23:32:47.596 (   1.770s) [        920C0A40]vtkOpenGLPolyDataMapper:321   WARN| vtkOpenGLPolyDataMapper::GetFragmentShaderCode was deprecated for VTK 9.0 and will be removed in a future version.  Use vtkOpenGLShaderProperty::GetFragmentShaderCode instead.[0m
[0m[33m2026-07-27 23:32:47.596 (   1.770s) [        920C0A40]vtkOpenGLPolyDataMapper:313   WARN| vtkOpenGLPolyDataMapper::SetFragmentShaderCode was deprecated for VTK 9.0 and will be removed in a future version.  Use vtkOpenGLShaderProperty::SetFragmentShaderCode instead.[0m
[0m[33m2026-07-27 23:32:47.596 (   1.770s) [        920C0A40]vtkOpenGLPolyDataMapper:306   WARN| vtkOpenGLPolyDataMapper::GetVertexShaderCode was deprecated for VTK 9.0 and will be removed in a future version.  Use vtkOpenGLShaderProperty::GetVertexShaderCode instead.[0m
[0m[33m2026-07-27 23:32:47.596 (   1.771s) [        920C0A40]vtkOpenGLPolyDataMapper:298   WARN| vtkOpenGLPolyDataMapper::SetVertexShaderCode was deprecated for VTK 9.0 and will be removed in a future version.  Use vtkOpenGLShaderProperty::SetVertexShaderCode instead.[0m
[0m[33m2026-07-27 23:32:47.596 (   1.771s) [        920C0A40]vtkOpenGLPolyDataMapper:336   WARN| vtkOpenGLPolyDataMapper::GetGeometryShaderCode was deprecated for VTK 9.0 and will be removed in a future version.  Use vtkOpenGLShaderProperty::GetGeometryShaderCode instead.[0m
[0m[33m2026-07-27 23:32:47.596 (   1.771s) [        920C0A40]vtkOpenGLPolyDataMapper:328   WARN| vtkOpenGLPolyDataMapper::SetGeometryShaderCode was deprecated for VTK 9.0 and will be removed in a future version.  Use vtkOpenGLShaderProperty::SetGeometryShaderCode instead.[0m
[0m[33m2026-07-27 23:32:47.596 (   1.771s) [        920C0A40]vtkOpenGLPolyDataMapper:321   WARN| vtkOpenGLPolyDataMapper::GetFragmentShaderCode was deprecated for VTK 9.0 and will be removed in a future version.  Use vtkOpenGLShaderProperty::GetFragmentShaderCode instead.[0m
[0m[33m2026-07-27 23:32:47.596 (   1.771s) [        920C0A40]vtkOpenGLPolyDataMapper:313   WARN| vtkOpenGLPolyDataMapper::SetFragmentShaderCode was deprecated for VTK 9.0 and will be removed in a future version.  Use vtkOpenGLShaderProperty::SetFragmentShaderCode instead.[0m
[0m[33m2026-07-27 23:32:47.596 (   1.771s) [        920C0A40]vtkOpenGLPolyDataMapper:306   WARN| vtkOpenGLPolyDataMapper::GetVertexShaderCode was deprecated for VTK 9.0 and will be removed in a future version.  Use vtkOpenGLShaderProperty::GetVertexShaderCode instead.[0m
[0m[33m2026-07-27 23:32:47.596 (   1.771s) [        920C0A40]vtkOpenGLPolyDataMapper:298   WARN| vtkOpenGLPolyDataMapper::SetVertexShaderCode was deprecated for VTK 9.0 and will be removed in a future version.  Use vtkOpenGLShaderProperty::SetVertexShaderCode instead.[0m
[0m[33m2026-07-27 23:32:47.596 (   1.771s) [        920C0A40]vtkOpenGLPolyDataMapper:336   WARN| vtkOpenGLPolyDataMapper::GetGeometryShaderCode was deprecated for VTK 9.0 and will be removed in a future version.  Use vtkOpenGLShaderProperty::GetGeometryShaderCode instead.[0m
[0m[33m2026-07-27 23:32:47.596 (   1.771s) [        920C0A40]vtkOpenGLPolyDataMapper:328   WARN| vtkOpenGLPolyDataMapper::SetGeometryShaderCode was deprecated for VTK 9.0 and will be removed in a future version.  Use vtkOpenGLShaderProperty::SetGeometryShaderCode instead.[0m
[0m[33m2026-07-27 23:32:47.596 (   1.771s) [        920C0A40]vtkOpenGLPolyDataMapper:321   WARN| vtkOpenGLPolyDataMapper::GetFragmentShaderCode was deprecated for VTK 9.0 and will be removed in a future version.  Use vtkOpenGLShaderProperty::GetFragmentShaderCode instead.[0m
[0m[33m2026-07-27 23:32:47.596 (   1.771s) [        920C0A40]vtkOpenGLPolyDataMapper:313   WARN| vtkOpenGLPolyDataMapper::SetFragmentShaderCode was deprecated for VTK 9.0 and will be removed in a future version.  Use vtkOpenGLShaderProperty::SetFragmentShaderCode instead.[0m
[0m[33m2026-07-27 23:32:47.596 (   1.771s) [        920C0A40]vtkOpenGLPolyDataMapper:306   WARN| vtkOpenGLPolyDataMapper::GetVertexShaderCode was deprecated for VTK 9.0 and will be removed in a future version.  Use vtkOpenGLShaderProperty::GetVertexShaderCode instead.[0m
[0m[33m2026-07-27 23:32:47.596 (   1.771s) [        920C0A40]vtkOpenGLPolyDataMapper:298   WARN| vtkOpenGLPolyDataMapper::SetVertexShaderCode was deprecated for VTK 9.0 and will be removed in a future version.  Use vtkOpenGLShaderProperty::SetVertexShaderCode instead.[0m
[0m[33m2026-07-27 23:32:47.596 (   1.771s) [        920C0A40]vtkOpenGLPolyDataMapper:336   WARN| vtkOpenGLPolyDataMapper::GetGeometryShaderCode was deprecated for VTK 9.0 and will be removed in a future version.  Use vtkOpenGLShaderProperty::GetGeometryShaderCode instead.[0m
[0m[33m2026-07-27 23:32:47.596 (   1.771s) [        920C0A40]vtkOpenGLPolyDataMapper:328   WARN| vtkOpenGLPolyDataMapper::SetGeometryShaderCode was deprecated for VTK 9.0 and will be removed in a future version.  Use vtkOpenGLShaderProperty::SetGeometryShaderCode instead.[0m
[0m[33m2026-07-27 23:32:47.597 (   1.771s) [        920C0A40]vtkOpenGLPolyDataMapper:321   WARN| vtkOpenGLPolyDataMapper::GetFragmentShaderCode was deprecated for VTK 9.0 and will be removed in a future version.  Use vtkOpenGLShaderProperty::GetFragmentShaderCode instead.[0m
[0m[33m2026-07-27 23:32:47.597 (   1.771s) [        920C0A40]vtkOpenGLPolyDataMapper:313   WARN| vtkOpenGLPolyDataMapper::SetFragmentShaderCode was deprecated for VTK 9.0 and will be removed in a future version.  Use vtkOpenGLShaderProperty::SetFragmentShaderCode instead.[0m
[0m[33m2026-07-27 23:32:47.597 (   1.771s) [        920C0A40]vtkOpenGLPolyDataMapper:306   WARN| vtkOpenGLPolyDataMapper::GetVertexShaderCode was deprecated for VTK 9.0 and will be removed in a future version.  Use vtkOpenGLShaderProperty::GetVertexShaderCode instead.[0m
[0m[33m2026-07-27 23:32:47.597 (   1.771s) [        920C0A40]vtkOpenGLPolyDataMapper:298   WARN| vtkOpenGLPolyDataMapper::SetVertexShaderCode was deprecated for VTK 9.0 and will be removed in a future version.  Use vtkOpenGLShaderProperty::SetVertexShaderCode instead.[0m
[0m[33m2026-07-27 23:32:47.597 (   1.771s) [        920C0A40]vtkOpenGLPolyDataMapper:336   WARN| vtkOpenGLPolyDataMapper::GetGeometryShaderCode was deprecated for VTK 9.0 and will be removed in a future version.  Use vtkOpenGLShaderProperty::GetGeometryShaderCode instead.[0m
[0m[33m2026-07-27 23:32:47.597 (   1.771s) [        920C0A40]vtkOpenGLPolyDataMapper:328   WARN| vtkOpenGLPolyDataMapper::SetGeometryShaderCode was deprecated for VTK 9.0 and will be removed in a future version.  Use vtkOpenGLShaderProperty::SetGeometryShaderCode instead.[0m
[0m[33m2026-07-27 23:32:47.597 (   1.771s) [        920C0A40]vtkOpenGLPolyDataMapper:321   WARN| vtkOpenGLPolyDataMapper::GetFragmentShaderCode was deprecated for VTK 9.0 and will be removed in a future version.  Use vtkOpenGLShaderProperty::GetFragmentShaderCode instead.[0m
[0m[33m2026-07-27 23:32:47.597 (   1.771s) [        920C0A40]vtkOpenGLPolyDataMapper:313   WARN| vtkOpenGLPolyDataMapper::SetFragmentShaderCode was deprecated for VTK 9.0 and will be removed in a future version.  Use vtkOpenGLShaderProperty::SetFragmentShaderCode instead.[0m
[0m[33m2026-07-27 23:32:47.600 (   1.775s) [        920C0A40]vtkOpenGLPolyDataMapper:306   WARN| vtkOpenGLPolyDataMapper::GetVertexShaderCode was deprecated for VTK 9.0 and will be removed in a future version.  Use vtkOpenGLShaderProperty::GetVertexShaderCode instead.[0m
[0m[33m2026-07-27 23:32:47.600 (   1.775s) [        920C0A40]vtkOpenGLPolyDataMapper:298   WARN| vtkOpenGLPolyDataMapper::SetVertexShaderCode was deprecated for VTK 9.0 and will be removed in a future version.  Use vtkOpenGLShaderProperty::SetVertexShaderCode instead.[0m
[0m[33m2026-07-27 23:32:47.600 (   1.775s) [        920C0A40]vtkOpenGLPolyDataMapper:336   WARN| vtkOpenGLPolyDataMapper::GetGeometryShaderCode was deprecated for VTK 9.0 and will be removed in a future version.  Use vtkOpenGLShaderProperty::GetGeometryShaderCode instead.[0m
[0m[33m2026-07-27 23:32:47.600 (   1.775s) [        920C0A40]vtkOpenGLPolyDataMapper:328   WARN| vtkOpenGLPolyDataMapper::SetGeometryShaderCode was deprecated for VTK 9.0 and will be removed in a future version.  Use vtkOpenGLShaderProperty::SetGeometryShaderCode instead.[0m
[0m[33m2026-07-27 23:32:47.600 (   1.775s) [        920C0A40]vtkOpenGLPolyDataMapper:321   WARN| vtkOpenGLPolyDataMapper::GetFragmentShaderCode was deprecated for VTK 9.0 and will be removed in a future version.  Use vtkOpenGLShaderProperty::GetFragmentShaderCode instead.[0m
[0m[33m2026-07-27 23:32:47.600 (   1.775s) [        920C0A40]vtkOpenGLPolyDataMapper:313   WARN| vtkOpenGLPolyDataMapper::SetFragmentShaderCode was deprecated for VTK 9.0 and will be removed in a future version.  Use vtkOpenGLShaderProperty::SetFragmentShaderCode instead.[0m
[0m[33m2026-07-27 23:32:47.600 (   1.775s) [        920C0A40]vtkOpenGLPolyDataMapper:306   WARN| vtkOpenGLPolyDataMapper::GetVertexShaderCode was deprecated for VTK 9.0 and will be removed in a future version.  Use vtkOpenGLShaderProperty::GetVertexShaderCode instead.[0m
[0m[33m2026-07-27 23:32:47.600 (   1.775s) [        920C0A40]vtkOpenGLPolyDataMapper:298   WARN| vtkOpenGLPolyDataMapper::SetVertexShaderCode was deprecated for VTK 9.0 and will be removed in a future version.  Use vtkOpenGLShaderProperty::SetVertexShaderCode instead.[0m
[0m[33m2026-07-27 23:32:47.600 (   1.775s) [        920C0A40]vtkOpenGLPolyDataMapper:336   WARN| vtkOpenGLPolyDataMapper::GetGeometryShaderCode was deprecated for VTK 9.0 and will be removed in a future version.  Use vtkOpenGLShaderProperty::GetGeometryShaderCode instead.[0m
[0m[33m2026-07-27 23:32:47.600 (   1.775s) [        920C0A40]vtkOpenGLPolyDataMapper:328   WARN| vtkOpenGLPolyDataMapper::SetGeometryShaderCode was deprecated for VTK 9.0 and will be removed in a future version.  Use vtkOpenGLShaderProperty::SetGeometryShaderCode instead.[0m
[0m[33m2026-07-27 23:32:47.600 (   1.775s) [        920C0A40]vtkOpenGLPolyDataMapper:321   WARN| vtkOpenGLPolyDataMapper::GetFragmentShaderCode was deprecated for VTK 9.0 and will be removed in a future version.  Use vtkOpenGLShaderProperty::GetFragmentShaderCode instead.[0m
[0m[33m2026-07-27 23:32:47.600 (   1.775s) [        920C0A40]vtkOpenGLPolyDataMapper:313   WARN| vtkOpenGLPolyDataMapper::SetFragmentShaderCode was deprecated for VTK 9.0 and will be removed in a future version.  Use vtkOpenGLShaderProperty::SetFragmentShaderCode instead.[0m
[0m[33m2026-07-27 23:32:47.655 (   1.830s) [        920C0A40]vtkOpenGLPolyDataMapper:306   WARN| vtkOpenGLPolyDataMapper::GetVertexShaderCode was deprecated for VTK 9.0 and will be removed in a future version.  Use vtkOpenGLShaderProperty::GetVertexShaderCode instead.[0m
[0m[33m2026-07-27 23:32:47.655 (   1.830s) [        920C0A40]vtkOpenGLPolyDataMapper:298   WARN| vtkOpenGLPolyDataMapper::SetVertexShaderCode was deprecated for VTK 9.0 and will be removed in a future version.  Use vtkOpenGLShaderProperty::SetVertexShaderCode instead.[0m
[0m[33m2026-07-27 23:32:47.655 (   1.830s) [        920C0A40]vtkOpenGLPolyDataMapper:336   WARN| vtkOpenGLPolyDataMapper::GetGeometryShaderCode was deprecated for VTK 9.0 and will be removed in a future version.  Use vtkOpenGLShaderProperty::GetGeometryShaderCode instead.[0m
[0m[33m2026-07-27 23:32:47.655 (   1.830s) [        920C0A40]vtkOpenGLPolyDataMapper:328   WARN| vtkOpenGLPolyDataMapper::SetGeometryShaderCode was deprecated for VTK 9.0 and will be removed in a future version.  Use vtkOpenGLShaderProperty::SetGeometryShaderCode instead.[0m
[0m[33m2026-07-27 23:32:47.655 (   1.830s) [        920C0A40]vtkOpenGLPolyDataMapper:321   WARN| vtkOpenGLPolyDataMapper::GetFragmentShaderCode was deprecated for VTK 9.0 and will be removed in a future version.  Use vtkOpenGLShaderProperty::GetFragmentShaderCode instead.[0m
[0m[33m2026-07-27 23:32:47.655 (   1.830s) [        920C0A40]vtkOpenGLPolyDataMapper:313   WARN| vtkOpenGLPolyDataMapper::SetFragmentShaderCode was deprecated for VTK 9.0 and will be removed in a future version.  Use vtkOpenGLShaderProperty::SetFragmentShaderCode instead.[0m
[0m[33m2026-07-27 23:32:47.655 (   1.830s) [        920C0A40]vtkOpenGLPolyDataMapper:306   WARN| vtkOpenGLPolyDataMapper::GetVertexShaderCode was deprecated for VTK 9.0 and will be removed in a future version.  Use vtkOpenGLShaderProperty::GetVertexShaderCode instead.[0m
[0m[33m2026-07-27 23:32:47.655 (   1.830s) [        920C0A40]vtkOpenGLPolyDataMapper:298   WARN| vtkOpenGLPolyDataMapper::SetVertexShaderCode was deprecated for VTK 9.0 and will be removed in a future version.  Use vtkOpenGLShaderProperty::SetVertexShaderCode instead.[0m
[0m[33m2026-07-27 23:32:47.655 (   1.830s) [        920C0A40]vtkOpenGLPolyDataMapper:336   WARN| vtkOpenGLPolyDataMapper::GetGeometryShaderCode was deprecated for VTK 9.0 and will be removed in a future version.  Use vtkOpenGLShaderProperty::GetGeometryShaderCode instead.[0m
[0m[33m2026-07-27 23:32:47.655 (   1.830s) [        920C0A40]vtkOpenGLPolyDataMapper:328   WARN| vtkOpenGLPolyDataMapper::SetGeometryShaderCode was deprecated for VTK 9.0 and will be removed in a future version.  Use vtkOpenGLShaderProperty::SetGeometryShaderCode instead.[0m
[0m[33m2026-07-27 23:32:47.655 (   1.830s) [        920C0A40]vtkOpenGLPolyDataMapper:321   WARN| vtkOpenGLPolyDataMapper::GetFragmentShaderCode was deprecated for VTK 9.0 and will be removed in a future version.  Use vtkOpenGLShaderProperty::GetFragmentShaderCode instead.[0m
[0m[33m2026-07-27 23:32:47.655 (   1.830s) [        920C0A40]vtkOpenGLPolyDataMapper:313   WARN| vtkOpenGLPolyDataMapper::SetFragmentShaderCode was deprecated for VTK 9.0 and will be removed in a future version.  Use vtkOpenGLShaderProperty::SetFragmentShaderCode instead.[0m
[0m[33m2026-07-27 23:32:47.663 (   1.837s) [        920C0A40]vtkOpenGLPolyDataMapper:306   WARN| vtkOpenGLPolyDataMapper::GetVertexShaderCode was deprecated for VTK 9.0 and will be removed in a future version.  Use vtkOpenGLShaderProperty::GetVertexShaderCode instead.[0m
[0m[33m2026-07-27 23:32:47.663 (   1.837s) [        920C0A40]vtkOpenGLPolyDataMapper:298   WARN| vtkOpenGLPolyDataMapper::SetVertexShaderCode was deprecated for VTK 9.0 and will be removed in a future version.  Use vtkOpenGLShaderProperty::SetVertexShaderCode instead.[0m
[0m[33m2026-07-27 23:32:47.663 (   1.837s) [        920C0A40]vtkOpenGLPolyDataMapper:336   WARN| vtkOpenGLPolyDataMapper::GetGeometryShaderCode was deprecated for VTK 9.0 and will be removed in a future version.  Use vtkOpenGLShaderProperty::GetGeometryShaderCode instead.[0m
[0m[33m2026-07-27 23:32:47.663 (   1.837s) [        920C0A40]vtkOpenGLPolyDataMapper:328   WARN| vtkOpenGLPolyDataMapper::SetGeometryShaderCode was deprecated for VTK 9.0 and will be removed in a future version.  Use vtkOpenGLShaderProperty::SetGeometryShaderCode instead.[0m
[0m[33m2026-07-27 23:32:47.663 (   1.837s) [        920C0A40]vtkOpenGLPolyDataMapper:321   WARN| vtkOpenGLPolyDataMapper::GetFragmentShaderCode was deprecated for VTK 9.0 and will be removed in a future version.  Use vtkOpenGLShaderProperty::GetFragmentShaderCode instead.[0m
[0m[33m2026-07-27 23:32:47.663 (   1.837s) [        920C0A40]vtkOpenGLPolyDataMapper:313   WARN| vtkOpenGLPolyDataMapper::SetFragmentShaderCode was deprecated for VTK 9.0 and will be removed in a future version.  Use vtkOpenGLShaderProperty::SetFragmentShaderCode instead.[0m
[0m[33m2026-07-27 23:32:47.663 (   1.837s) [        920C0A40]vtkOpenGLPolyDataMapper:306   WARN| vtkOpenGLPolyDataMapper::GetVertexShaderCode was deprecated for VTK 9.0 and will be removed in a future version.  Use vtkOpenGLShaderProperty::GetVertexShaderCode instead.[0m
[0m[33m2026-07-27 23:32:47.663 (   1.837s) [        920C0A40]vtkOpenGLPolyDataMapper:298   WARN| vtkOpenGLPolyDataMapper::SetVertexShaderCode was deprecated for VTK 9.0 and will be removed in a future version.  Use vtkOpenGLShaderProperty::SetVertexShaderCode instead.[0m
[0m[33m2026-07-27 23:32:47.663 (   1.837s) [        920C0A40]vtkOpenGLPolyDataMapper:336   WARN| vtkOpenGLPolyDataMapper::GetGeometryShaderCode was deprecated for VTK 9.0 and will be removed in a future version.  Use vtkOpenGLShaderProperty::GetGeometryShaderCode instead.[0m
[0m[33m2026-07-27 23:32:47.663 (   1.837s) [        920C0A40]vtkOpenGLPolyDataMapper:328   WARN| vtkOpenGLPolyDataMapper::SetGeometryShaderCode was deprecated for VTK 9.0 and will be removed in a future version.  Use vtkOpenGLShaderProperty::SetGeometryShaderCode instead.[0m
[0m[33m2026-07-27 23:32:47.663 (   1.837s) [        920C0A40]vtkOpenGLPolyDataMapper:321   WARN| vtkOpenGLPolyDataMapper::GetFragmentShaderCode was deprecated for VTK 9.0 and will be removed in a future version.  Use vtkOpenGLShaderProperty::GetFragmentShaderCode instead.[0m
[0m[33m2026-07-27 23:32:47.663 (   1.837s) [        920C0A40]vtkOpenGLPolyDataMapper:313   WARN| vtkOpenGLPolyDataMapper::SetFragmentShaderCode was deprecated for VTK 9.0 and will be removed in a future version.  Use vtkOpenGLShaderProperty::SetFragmentShaderCode instead.[0m
[0m[33m2026-07-27 23:32:47.663 (   1.837s) [        920C0A40]vtkOpenGLPolyDataMapper:306   WARN| vtkOpenGLPolyDataMapper::GetVertexShaderCode was deprecated for VTK 9.0 and will be removed in a future version.  Use vtkOpenGLShaderProperty::GetVertexShaderCode instead.[0m
[0m[33m2026-07-27 23:32:47.663 (   1.837s) [        920C0A40]vtkOpenGLPolyDataMapper:298   WARN| vtkOpenGLPolyDataMapper::SetVertexShaderCode was deprecated for VTK 9.0 and will be removed in a future version.  Use vtkOpenGLShaderProperty::SetVertexShaderCode instead.[0m
[0m[33m2026-07-27 23:32:47.663 (   1.837s) [        920C0A40]vtkOpenGLPolyDataMapper:336   WARN| vtkOpenGLPolyDataMapper::GetGeometryShaderCode was deprecated for VTK 9.0 and will be removed in a future version.  Use vtkOpenGLShaderProperty::GetGeometryShaderCode instead.[0m
[0m[33m2026-07-27 23:32:47.663 (   1.837s) [        920C0A40]vtkOpenGLPolyDataMapper:328   WARN| vtkOpenGLPolyDataMapper::SetGeometryShaderCode was deprecated for VTK 9.0 and will be removed in a future version.  Use vtkOpenGLShaderProperty::SetGeometryShaderCode instead.[0m
[0m[33m2026-07-27 23:32:47.663 (   1.837s) [        920C0A40]vtkOpenGLPolyDataMapper:321   WARN| vtkOpenGLPolyDataMapper::GetFragmentShaderCode was deprecated for VTK 9.0 and will be removed in a future version.  Use vtkOpenGLShaderProperty::GetFragmentShaderCode instead.[0m
[0m[33m2026-07-27 23:32:47.663 (   1.837s) [        920C0A40]vtkOpenGLPolyDataMapper:313   WARN| vtkOpenGLPolyDataMapper::SetFragmentShaderCode was deprecated for VTK 9.0 and will be removed in a future version.  Use vtkOpenGLShaderProperty::SetFragmentShaderCode instead.[0m
[0m[33m2026-07-27 23:32:47.663 (   1.837s) [        920C0A40]vtkOpenGLPolyDataMapper:306   WARN| vtkOpenGLPolyDataMapper::GetVertexShaderCode was deprecated for VTK 9.0 and will be removed in a future version.  Use vtkOpenGLShaderProperty::GetVertexShaderCode instead.[0m
[0m[33m2026-07-27 23:32:47.663 (   1.837s) [        920C0A40]vtkOpenGLPolyDataMapper:298   WARN| vtkOpenGLPolyDataMapper::SetVertexShaderCode was deprecated for VTK 9.0 and will be removed in a future version.  Use vtkOpenGLShaderProperty::SetVertexShaderCode instead.[0m
[0m[33m2026-07-27 23:32:47.663 (   1.837s) [        920C0A40]vtkOpenGLPolyDataMapper:336   WARN| vtkOpenGLPolyDataMapper::GetGeometryShaderCode was deprecated for VTK 9.0 and will be removed in a future version.  Use vtkOpenGLShaderProperty::GetGeometryShaderCode instead.[0m
[0m[33m2026-07-27 23:32:47.663 (   1.837s) [        920C0A40]vtkOpenGLPolyDataMapper:328   WARN| vtkOpenGLPolyDataMapper::SetGeometryShaderCode was deprecated for VTK 9.0 and will be removed in a future version.  Use vtkOpenGLShaderProperty::SetGeometryShaderCode instead.[0m
[0m[33m2026-07-27 23:32:47.663 (   1.837s) [        920C0A40]vtkOpenGLPolyDataMapper:321   WARN| vtkOpenGLPolyDataMapper::GetFragmentShaderCode was deprecated for VTK 9.0 and will be removed in a future version.  Use vtkOpenGLShaderProperty::GetFragmentShaderCode instead.[0m
[0m[33m2026-07-27 23:32:47.663 (   1.837s) [        920C0A40]vtkOpenGLPolyDataMapper:313   WARN| vtkOpenGLPolyDataMapper::SetFragmentShaderCode was deprecated for VTK 9.0 and will be removed in a future version.  Use vtkOpenGLShaderProperty::SetFragmentShaderCode instead.[0m
[0m[33m2026-07-27 23:32:47.663 (   1.838s) [        920C0A40]vtkOpenGLPolyDataMapper:306   WARN| vtkOpenGLPolyDataMapper::GetVertexShaderCode was deprecated for VTK 9.0 and will be removed in a future version.  Use vtkOpenGLShaderProperty::GetVertexShaderCode instead.[0m
[0m[33m2026-07-27 23:32:47.663 (   1.838s) [        920C0A40]vtkOpenGLPolyDataMapper:298   WARN| vtkOpenGLPolyDataMapper::SetVertexShaderCode was deprecated for VTK 9.0 and will be removed in a future version.  Use vtkOpenGLShaderProperty::SetVertexShaderCode instead.[0m
[0m[33m2026-07-27 23:32:47.663 (   1.838s) [        920C0A40]vtkOpenGLPolyDataMapper:336   WARN| vtkOpenGLPolyDataMapper::GetGeometryShaderCode was deprecated for VTK 9.0 and will be removed in a future version.  Use vtkOpenGLShaderProperty::GetGeometryShaderCode instead.[0m
[0m[33m2026-07-27 23:32:47.663 (   1.838s) [        920C0A40]vtkOpenGLPolyDataMapper:328   WARN| vtkOpenGLPolyDataMapper::SetGeometryShaderCode was deprecated for VTK 9.0 and will be removed in a future version.  Use vtkOpenGLShaderProperty::SetGeometryShaderCode instead.[0m
[0m[33m2026-07-27 23:32:47.663 (   1.838s) [        920C0A40]vtkOpenGLPolyDataMapper:321   WARN| vtkOpenGLPolyDataMapper::GetFragmentShaderCode was deprecated for VTK 9.0 and will be removed in a future version.  Use vtkOpenGLShaderProperty::GetFragmentShaderCode instead.[0m
[0m[33m2026-07-27 23:32:47.663 (   1.838s) [        920C0A40]vtkOpenGLPolyDataMapper:313   WARN| vtkOpenGLPolyDataMapper::SetFragmentShaderCode was deprecated for VTK 9.0 and will be removed in a future version.  Use vtkOpenGLShaderProperty::SetFragmentShaderCode instead.[0m
[0m[33m2026-07-27 23:32:47.663 (   1.838s) [        920C0A40]vtkOpenGLPolyDataMapper:306   WARN| vtkOpenGLPolyDataMapper::GetVertexShaderCode was deprecated for VTK 9.0 and will be removed in a future version.  Use vtkOpenGLShaderProperty::GetVertexShaderCode instead.[0m
[0m[33m2026-07-27 23:32:47.663 (   1.838s) [        920C0A40]vtkOpenGLPolyDataMapper:298   WARN| vtkOpenGLPolyDataMapper::SetVertexShaderCode was deprecated for VTK 9.0 and will be removed in a future version.  Use vtkOpenGLShaderProperty::SetVertexShaderCode instead.[0m
[0m[33m2026-07-27 23:32:47.663 (   1.838s) [        920C0A40]vtkOpenGLPolyDataMapper:336   WARN| vtkOpenGLPolyDataMapper::GetGeometryShaderCode was deprecated for VTK 9.0 and will be removed in a future version.  Use vtkOpenGLShaderProperty::GetGeometryShaderCode instead.[0m
[0m[33m2026-07-27 23:32:47.663 (   1.838s) [        920C0A40]vtkOpenGLPolyDataMapper:328   WARN| vtkOpenGLPolyDataMapper::SetGeometryShaderCode was deprecated for VTK 9.0 and will be removed in a future version.  Use vtkOpenGLShaderProperty::SetGeometryShaderCode instead.[0m
[0m[33m2026-07-27 23:32:47.663 (   1.838s) [        920C0A40]vtkOpenGLPolyDataMapper:321   WARN| vtkOpenGLPolyDataMapper::GetFragmentShaderCode was deprecated for VTK 9.0 and will be removed in a future version.  Use vtkOpenGLShaderProperty::GetFragmentShaderCode instead.[0m
[0m[33m2026-07-27 23:32:47.663 (   1.838s) [        920C0A40]vtkOpenGLPolyDataMapper:313   WARN| vtkOpenGLPolyDataMapper::SetFragmentShaderCode was deprecated for VTK 9.0 and will be removed in a future version.  Use vtkOpenGLShaderProperty::SetFragmentShaderCode instead.[0m
[0m[33m2026-07-27 23:32:47.664 (   1.838s) [        920C0A40]vtkOpenGLPolyDataMapper:306   WARN| vtkOpenGLPolyDataMapper::GetVertexShaderCode was deprecated for VTK 9.0 and will be removed in a future version.  Use vtkOpenGLShaderProperty::GetVertexShaderCode instead.[0m
[0m[33m2026-07-27 23:32:47.664 (   1.838s) [        920C0A40]vtkOpenGLPolyDataMapper:298   WARN| vtkOpenGLPolyDataMapper::SetVertexShaderCode was deprecated for VTK 9.0 and will be removed in a future version.  Use vtkOpenGLShaderProperty::SetVertexShaderCode instead.[0m
[0m[33m2026-07-27 23:32:47.664 (   1.838s) [        920C0A40]vtkOpenGLPolyDataMapper:336   WARN| vtkOpenGLPolyDataMapper::GetGeometryShaderCode was deprecated for VTK 9.0 and will be removed in a future version.  Use vtkOpenGLShaderProperty::GetGeometryShaderCode instead.[0m
[0m[33m2026-07-27 23:32:47.664 (   1.838s) [        920C0A40]vtkOpenGLPolyDataMapper:328   WARN| vtkOpenGLPolyDataMapper::SetGeometryShaderCode was deprecated for VTK 9.0 and will be removed in a future version.  Use vtkOpenGLShaderProperty::SetGeometryShaderCode instead.[0m
[0m[33m2026-07-27 23:32:47.664 (   1.838s) [        920C0A40]vtkOpenGLPolyDataMapper:321   WARN| vtkOpenGLPolyDataMapper::GetFragmentShaderCode was deprecated for VTK 9.0 and will be removed in a future version.  Use vtkOpenGLShaderProperty::GetFragmentShaderCode instead.[0m
[0m[33m2026-07-27 23:32:47.664 (   1.838s) [        920C0A40]vtkOpenGLPolyDataMapper:313   WARN| vtkOpenGLPolyDataMapper::SetFragmentShaderCode was deprecated for VTK 9.0 and will be removed in a future version.  Use vtkOpenGLShaderProperty::SetFragmentShaderCode instead.[0m
[0m[33m2026-07-27 23:32:47.664 (   1.838s) [        920C0A40]vtkOpenGLPolyDataMapper:306   WARN| vtkOpenGLPolyDataMapper::GetVertexShaderCode was deprecated for VTK 9.0 and will be removed in a future version.  Use vtkOpenGLShaderProperty::GetVertexShaderCode instead.[0m
[0m[33m2026-07-27 23:32:47.664 (   1.838s) [        920C0A40]vtkOpenGLPolyDataMapper:298   WARN| vtkOpenGLPolyDataMapper::SetVertexShaderCode was deprecated for VTK 9.0 and will be removed in a future version.  Use vtkOpenGLShaderProperty::SetVertexShaderCode instead.[0m
[0m[33m2026-07-27 23:32:47.664 (   1.838s) [        920C0A40]vtkOpenGLPolyDataMapper:336   WARN| vtkOpenGLPolyDataMapper::GetGeometryShaderCode was deprecated for VTK 9.0 and will be removed in a future version.  Use vtkOpenGLShaderProperty::GetGeometryShaderCode instead.[0m
[0m[33m2026-07-27 23:32:47.664 (   1.838s) [        920C0A40]vtkOpenGLPolyDataMapper:328   WARN| vtkOpenGLPolyDataMapper::SetGeometryShaderCode was deprecated for VTK 9.0 and will be removed in a future version.  Use vtkOpenGLShaderProperty::SetGeometryShaderCode instead.[0m
[0m[33m2026-07-27 23:32:47.664 (   1.838s) [        920C0A40]vtkOpenGLPolyDataMapper:321   WARN| vtkOpenGLPolyDataMapper::GetFragmentShaderCode was deprecated for VTK 9.0 and will be removed in a future version.  Use vtkOpenGLShaderProperty::GetFragmentShaderCode instead.[0m
[0m[33m2026-07-27 23:32:47.664 (   1.838s) [        920C0A40]vtkOpenGLPolyDataMapper:313   WARN| vtkOpenGLPolyDataMapper::SetFragmentShaderCode was deprecated for VTK 9.0 and will be removed in a future version.  Use vtkOpenGLShaderProperty::SetFragmentShaderCode instead.[0m
[0m[33m2026-07-27 23:32:47.664 (   1.838s) [        920C0A40]vtkOpenGLPolyDataMapper:306   WARN| vtkOpenGLPolyDataMapper::GetVertexShaderCode was deprecated for VTK 9.0 and will be removed in a future version.  Use vtkOpenGLShaderProperty::GetVertexShaderCode instead.[0m
[0m[33m2026-07-27 23:32:47.664 (   1.838s) [        920C0A40]vtkOpenGLPolyDataMapper:298   WARN| vtkOpenGLPolyDataMapper::SetVertexShaderCode was deprecated for VTK 9.0 and will be removed in a future version.  Use vtkOpenGLShaderProperty::SetVertexShaderCode instead.[0m
[0m[33m2026-07-27 23:32:47.664 (   1.838s) [        920C0A40]vtkOpenGLPolyDataMapper:336   WARN| vtkOpenGLPolyDataMapper::GetGeometryShaderCode was deprecated for VTK 9.0 and will be removed in a future version.  Use vtkOpenGLShaderProperty::GetGeometryShaderCode instead.[0m
[0m[33m2026-07-27 23:32:47.664 (   1.838s) [        920C0A40]vtkOpenGLPolyDataMapper:328   WARN| vtkOpenGLPolyDataMapper::SetGeometryShaderCode was deprecated for VTK 9.0 and will be removed in a future version.  Use vtkOpenGLShaderProperty::SetGeometryShaderCode instead.[0m
[0m[33m2026-07-27 23:32:47.664 (   1.838s) [        920C0A40]vtkOpenGLPolyDataMapper:321   WARN| vtkOpenGLPolyDataMapper::GetFragmentShaderCode was deprecated for VTK 9.0 and will be removed in a future version.  Use vtkOpenGLShaderProperty::GetFragmentShaderCode instead.[0m
[0m[33m2026-07-27 23:32:47.664 (   1.838s) [        920C0A40]vtkOpenGLPolyDataMapper:313   WARN| vtkOpenGLPolyDataMapper::SetFragmentShaderCode was deprecated for VTK 9.0 and will be removed in a future version.  Use vtkOpenGLShaderProperty::SetFragmentShaderCode instead.[0m
[0m[33m2026-07-27 23:32:47.664 (   1.838s) [        920C0A40]vtkOpenGLPolyDataMapper:306   WARN| vtkOpenGLPolyDataMapper::GetVertexShaderCode was deprecated for VTK 9.0 and will be removed in a future version.  Use vtkOpenGLShaderProperty::GetVertexShaderCode instead.[0m
[0m[33m2026-07-27 23:32:47.664 (   1.838s) [        920C0A40]vtkOpenGLPolyDataMapper:298   WARN| vtkOpenGLPolyDataMapper::SetVertexShaderCode was deprecated for VTK 9.0 and will be removed in a future version.  Use vtkOpenGLShaderProperty::SetVertexShaderCode instead.[0m
[0m[33m2026-07-27 23:32:47.664 (   1.838s) [        920C0A40]vtkOpenGLPolyDataMapper:336   WARN| vtkOpenGLPolyDataMapper::GetGeometryShaderCode was deprecated for VTK 9.0 and will be removed in a future version.  Use vtkOpenGLShaderProperty::GetGeometryShaderCode instead.[0m
[0m[33m2026-07-27 23:32:47.664 (   1.838s) [        920C0A40]vtkOpenGLPolyDataMapper:328   WARN| vtkOpenGLPolyDataMapper::SetGeometryShaderCode was deprecated for VTK 9.0 and will be removed in a future version.  Use vtkOpenGLShaderProperty::SetGeometryShaderCode instead.[0m
[0m[33m2026-07-27 23:32:47.664 (   1.838s) [        920C0A40]vtkOpenGLPolyDataMapper:321   WARN| vtkOpenGLPolyDataMapper::GetFragmentShaderCode was deprecated for VTK 9.0 and will be removed in a future version.  Use vtkOpenGLShaderProperty::GetFragmentShaderCode instead.[0m
[0m[33m2026-07-27 23:32:47.664 (   1.838s) [        920C0A40]vtkOpenGLPolyDataMapper:313   WARN| vtkOpenGLPolyDataMapper::SetFragmentShaderCode was deprecated for VTK 9.0 and will be removed in a future version.  Use vtkOpenGLShaderProperty::SetFragmentShaderCode instead.[0m
[0m[33m2026-07-27 23:32:47.672 (   1.846s) [        920C0A40]vtkOpenGLPolyDataMapper:306   WARN| vtkOpenGLPolyDataMapper::GetVertexShaderCode was deprecated for VTK 9.0 and will be removed in a future version.  Use vtkOpenGLShaderProperty::GetVertexShaderCode instead.[0m
[0m[33m2026-07-27 23:32:47.672 (   1.847s) [        920C0A40]vtkOpenGLPolyDataMapper:298   WARN| vtkOpenGLPolyDataMapper::SetVertexShaderCode was deprecated for VTK 9.0 and will be removed in a future version.  Use vtkOpenGLShaderProperty::SetVertexShaderCode instead.[0m
[0m[33m2026-07-27 23:32:47.672 (   1.847s) [        920C0A40]vtkOpenGLPolyDataMapper:336   WARN| vtkOpenGLPolyDataMapper::GetGeometryShaderCode was deprecated for VTK 9.0 and will be removed in a future version.  Use vtkOpenGLShaderProperty::GetGeometryShaderCode instead.[0m
[0m[33m2026-07-27 23:32:47.672 (   1.847s) [        920C0A40]vtkOpenGLPolyDataMapper:328   WARN| vtkOpenGLPolyDataMapper::SetGeometryShaderCode was deprecated for VTK 9.0 and will be removed in a future version.  Use vtkOpenGLShaderProperty::SetGeometryShaderCode instead.[0m
[0m[33m2026-07-27 23:32:47.672 (   1.847s) [        920C0A40]vtkOpenGLPolyDataMapper:321   WARN| vtkOpenGLPolyDataMapper::GetFragmentShaderCode was deprecated for VTK 9.0 and will be removed in a future version.  Use vtkOpenGLShaderProperty::GetFragmentShaderCode instead.[0m
[0m[33m2026-07-27 23:32:47.672 (   1.847s) [        920C0A40]vtkOpenGLPolyDataMapper:313   WARN| vtkOpenGLPolyDataMapper::SetFragmentShaderCode was deprecated for VTK 9.0 and will be removed in a future version.  Use vtkOpenGLShaderProperty::SetFragmentShaderCode instead.[0m
[0m[33m2026-07-27 23:32:47.672 (   1.847s) [        920C0A40]vtkOpenGLPolyDataMapper:306   WARN| vtkOpenGLPolyDataMapper::GetVertexShaderCode was deprecated for VTK 9.0 and will be removed in a future version.  Use vtkOpenGLShaderProperty::GetVertexShaderCode instead.[0m
[0m[33m2026-07-27 23:32:47.672 (   1.847s) [        920C0A40]vtkOpenGLPolyDataMapper:298   WARN| vtkOpenGLPolyDataMapper::SetVertexShaderCode was deprecated for VTK 9.0 and will be removed in a future version.  Use vtkOpenGLShaderProperty::SetVertexShaderCode instead.[0m
[0m[33m2026-07-27 23:32:47.672 (   1.847s) [        920C0A40]vtkOpenGLPolyDataMapper:336   WARN| vtkOpenGLPolyDataMapper::GetGeometryShaderCode was deprecated for VTK 9.0 and will be removed in a future version.  Use vtkOpenGLShaderProperty::GetGeometryShaderCode instead.[0m
[0m[33m2026-07-27 23:32:47.672 (   1.847s) [        920C0A40]vtkOpenGLPolyDataMapper:328   WARN| vtkOpenGLPolyDataMapper::SetGeometryShaderCode was deprecated for VTK 9.0 and will be removed in a future version.  Use vtkOpenGLShaderProperty::SetGeometryShaderCode instead.[0m
[0m[33m2026-07-27 23:32:47.672 (   1.847s) [        920C0A40]vtkOpenGLPolyDataMapper:321   WARN| vtkOpenGLPolyDataMapper::GetFragmentShaderCode was deprecated for VTK 9.0 and will be removed in a future version.  Use vtkOpenGLShaderProperty::GetFragmentShaderCode instead.[0m
[0m[33m2026-07-27 23:32:47.672 (   1.847s) [        920C0A40]vtkOpenGLPolyDataMapper:313   WARN| vtkOpenGLPolyDataMapper::SetFragmentShaderCode was deprecated for VTK 9.0 and will be removed in a future version.  Use vtkOpenGLShaderProperty::SetFragmentShaderCode instead.[0m
[0m[33m2026-07-27 23:32:47.673 (   1.847s) [        920C0A40]vtkOpenGLPolyDataMapper:306   WARN| vtkOpenGLPolyDataMapper::GetVertexShaderCode was deprecated for VTK 9.0 and will be removed in a future version.  Use vtkOpenGLShaderProperty::GetVertexShaderCode instead.[0m
[0m[33m2026-07-27 23:32:47.673 (   1.847s) [        920C0A40]vtkOpenGLPolyDataMapper:298   WARN| vtkOpenGLPolyDataMapper::SetVertexShaderCode was deprecated for VTK 9.0 and will be removed in a future version.  Use vtkOpenGLShaderProperty::SetVertexShaderCode instead.[0m
[0m[33m2026-07-27 23:32:47.673 (   1.847s) [        920C0A40]vtkOpenGLPolyDataMapper:336   WARN| vtkOpenGLPolyDataMapper::GetGeometryShaderCode was deprecated for VTK 9.0 and will be removed in a future version.  Use vtkOpenGLShaderProperty::GetGeometryShaderCode instead.[0m
[0m[33m2026-07-27 23:32:47.673 (   1.847s) [        920C0A40]vtkOpenGLPolyDataMapper:328   WARN| vtkOpenGLPolyDataMapper::SetGeometryShaderCode was deprecated for VTK 9.0 and will be removed in a future version.  Use vtkOpenGLShaderProperty::SetGeometryShaderCode instead.[0m
[0m[33m2026-07-27 23:32:47.673 (   1.847s) [        920C0A40]vtkOpenGLPolyDataMapper:321   WARN| vtkOpenGLPolyDataMapper::GetFragmentShaderCode was deprecated for VTK 9.0 and will be removed in a future version.  Use vtkOpenGLShaderProperty::GetFragmentShaderCode instead.[0m
[0m[33m2026-07-27 23:32:47.673 (   1.847s) [        920C0A40]vtkOpenGLPolyDataMapper:313   WARN| vtkOpenGLPolyDataMapper::SetFragmentShaderCode was deprecated for VTK 9.0 and will be removed in a future version.  Use vtkOpenGLShaderProperty::SetFragmentShaderCode instead.[0m
[0m[33m2026-07-27 23:32:47.673 (   1.847s) [        920C0A40]vtkOpenGLPolyDataMapper:306   WARN| vtkOpenGLPolyDataMapper::GetVertexShaderCode was deprecated for VTK 9.0 and will be removed in a future version.  Use vtkOpenGLShaderProperty::GetVertexShaderCode instead.[0m
[0m[33m2026-07-27 23:32:47.673 (   1.847s) [        920C0A40]vtkOpenGLPolyDataMapper:298   WARN| vtkOpenGLPolyDataMapper::SetVertexShaderCode was deprecated for VTK 9.0 and will be removed in a future version.  Use vtkOpenGLShaderProperty::SetVertexShaderCode instead.[0m
[0m[33m2026-07-27 23:32:47.673 (   1.847s) [        920C0A40]vtkOpenGLPolyDataMapper:336   WARN| vtkOpenGLPolyDataMapper::GetGeometryShaderCode was deprecated for VTK 9.0 and will be removed in a future version.  Use vtkOpenGLShaderProperty::GetGeometryShaderCode instead.[0m
[0m[33m2026-07-27 23:32:47.673 (   1.847s) [        920C0A40]vtkOpenGLPolyDataMapper:328   WARN| vtkOpenGLPolyDataMapper::SetGeometryShaderCode was deprecated for VTK 9.0 and will be removed in a future version.  Use vtkOpenGLShaderProperty::SetGeometryShaderCode instead.[0m
[0m[33m2026-07-27 23:32:47.673 (   1.847s) [        920C0A40]vtkOpenGLPolyDataMapper:321   WARN| vtkOpenGLPolyDataMapper::GetFragmentShaderCode was deprecated for VTK 9.0 and will be removed in a future version.  Use vtkOpenGLShaderProperty::GetFragmentShaderCode instead.[0m
[0m[33m2026-07-27 23:32:47.673 (   1.847s) [        920C0A40]vtkOpenGLPolyDataMapper:313   WARN| vtkOpenGLPolyDataMapper::SetFragmentShaderCode was deprecated for VTK 9.0 and will be removed in a future version.  Use vtkOpenGLShaderProperty::SetFragmentShaderCode instead.[0m
[0m[33m2026-07-27 23:32:47.687 (   1.861s) [        920C0A40]vtkOpenGLPolyDataMapper:306   WARN| vtkOpenGLPolyDataMapper::GetVertexShaderCode was deprecated for VTK 9.0 and will be removed in a future version.  Use vtkOpenGLShaderProperty::GetVertexShaderCode instead.[0m
[0m[33m2026-07-27 23:32:47.687 (   1.861s) [        920C0A40]vtkOpenGLPolyDataMapper:298   WARN| vtkOpenGLPolyDataMapper::SetVertexShaderCode was deprecated for VTK 9.0 and will be removed in a future version.  Use vtkOpenGLShaderProperty::SetVertexShaderCode instead.[0m
[0m[33m2026-07-27 23:32:47.687 (   1.861s) [        920C0A40]vtkOpenGLPolyDataMapper:336   WARN| vtkOpenGLPolyDataMapper::GetGeometryShaderCode was deprecated for VTK 9.0 and will be removed in a future version.  Use vtkOpenGLShaderProperty::GetGeometryShaderCode instead.[0m
[0m[33m2026-07-27 23:32:47.687 (   1.861s) [        920C0A40]vtkOpenGLPolyDataMapper:328   WARN| vtkOpenGLPolyDataMapper::SetGeometryShaderCode was deprecated for VTK 9.0 and will be removed in a future version.  Use vtkOpenGLShaderProperty::SetGeometryShaderCode instead.[0m
[0m[33m2026-07-27 23:32:47.687 (   1.861s) [        920C0A40]vtkOpenGLPolyDataMapper:321   WARN| vtkOpenGLPolyDataMapper::GetFragmentShaderCode was deprecated for VTK 9.0 and will be removed in a future version.  Use vtkOpenGLShaderProperty::GetFragmentShaderCode instead.[0m
[0m[33m2026-07-27 23:32:47.687 (   1.861s) [        920C0A40]vtkOpenGLPolyDataMapper:313   WARN| vtkOpenGLPolyDataMapper::SetFragmentShaderCode was deprecated for VTK 9.0 and will be removed in a future version.  Use vtkOpenGLShaderProperty::SetFragmentShaderCode instead.[0m
[0m[33m2026-07-27 23:32:47.687 (   1.861s) [        920C0A40]vtkOpenGLPolyDataMapper:306   WARN| vtkOpenGLPolyDataMapper::GetVertexShaderCode was deprecated for VTK 9.0 and will be removed in a future version.  Use vtkOpenGLShaderProperty::GetVertexShaderCode instead.[0m
[0m[33m2026-07-27 23:32:47.687 (   1.861s) [        920C0A40]vtkOpenGLPolyDataMapper:298   WARN| vtkOpenGLPolyDataMapper::SetVertexShaderCode was deprecated for VTK 9.0 and will be removed in a future version.  Use vtkOpenGLShaderProperty::SetVertexShaderCode instead.[0m
[0m[33m2026-07-27 23:32:47.687 (   1.861s) [        920C0A40]vtkOpenGLPolyDataMapper:336   WARN| vtkOpenGLPolyDataMapper::GetGeometryShaderCode was deprecated for VTK 9.0 and will be removed in a future version.  Use vtkOpenGLShaderProperty::GetGeometryShaderCode instead.[0m
[0m[33m2026-07-27 23:32:47.687 (   1.861s) [        920C0A40]vtkOpenGLPolyDataMapper:328   WARN| vtkOpenGLPolyDataMapper::SetGeometryShaderCode was deprecated for VTK 9.0 and will be removed in a future version.  Use vtkOpenGLShaderProperty::SetGeometryShaderCode instead.[0m
[0m[33m2026-07-27 23:32:47.687 (   1.861s) [        920C0A40]vtkOpenGLPolyDataMapper:321   WARN| vtkOpenGLPolyDataMapper::GetFragmentShaderCode was deprecated for VTK 9.0 and will be removed in a future version.  Use vtkOpenGLShaderProperty::GetFragmentShaderCode instead.[0m
[0m[33m2026-07-27 23:32:47.687 (   1.861s) [        920C0A40]vtkOpenGLPolyDataMapper:313   WARN| vtkOpenGLPolyDataMapper::SetFragmentShaderCode was deprecated for VTK 9.0 and will be removed in a future version.  Use vtkOpenGLShaderProperty::SetFragmentShaderCode instead.[0m
[0m[33m2026-07-27 23:32:47.697 (   1.871s) [        920C0A40]vtkOpenGLPolyDataMapper:306   WARN| vtkOpenGLPolyDataMapper::GetVertexShaderCode was deprecated for VTK 9.0 and will be removed in a future version.  Use vtkOpenGLShaderProperty::GetVertexShaderCode instead.[0m
[0m[33m2026-07-27 23:32:47.697 (   1.871s) [        920C0A40]vtkOpenGLPolyDataMapper:298   WARN| vtkOpenGLPolyDataMapper::SetVertexShaderCode was deprecated for VTK 9.0 and will be removed in a future version.  Use vtkOpenGLShaderProperty::SetVertexShaderCode instead.[0m
[0m[33m2026-07-27 23:32:47.697 (   1.871s) [        920C0A40]vtkOpenGLPolyDataMapper:336   WARN| vtkOpenGLPolyDataMapper::GetGeometryShaderCode was deprecated for VTK 9.0 and will be removed in a future version.  Use vtkOpenGLShaderProperty::GetGeometryShaderCode instead.[0m
[0m[33m2026-07-27 23:32:47.697 (   1.871s) [        920C0A40]vtkOpenGLPolyDataMapper:328   WARN| vtkOpenGLPolyDataMapper::SetGeometryShaderCode was deprecated for VTK 9.0 and will be removed in a future version.  Use vtkOpenGLShaderProperty::SetGeometryShaderCode instead.[0m
[0m[33m2026-07-27 23:32:47.697 (   1.871s) [        920C0A40]vtkOpenGLPolyDataMapper:321   WARN| vtkOpenGLPolyDataMapper::GetFragmentShaderCode was deprecated for VTK 9.0 and will be removed in a future version.  Use vtkOpenGLShaderProperty::GetFragmentShaderCode instead.[0m
[0m[33m2026-07-27 23:32:47.697 (   1.871s) [        920C0A40]vtkOpenGLPolyDataMapper:313   WARN| vtkOpenGLPolyDataMapper::SetFragmentShaderCode was deprecated for VTK 9.0 and will be removed in a future version.  Use vtkOpenGLShaderProperty::SetFragmentShaderCode instead.[0m
[0m[33m2026-07-27 23:32:47.697 (   1.871s) [        920C0A40]vtkOpenGLPolyDataMapper:306   WARN| vtkOpenGLPolyDataMapper::GetVertexShaderCode was deprecated for VTK 9.0 and will be removed in a future version.  Use vtkOpenGLShaderProperty::GetVertexShaderCode instead.[0m
[0m[33m2026-07-27 23:32:47.697 (   1.871s) [        920C0A40]vtkOpenGLPolyDataMapper:298   WARN| vtkOpenGLPolyDataMapper::SetVertexShaderCode was deprecated for VTK 9.0 and will be removed in a future version.  Use vtkOpenGLShaderProperty::SetVertexShaderCode instead.[0m
[0m[33m2026-07-27 23:32:47.697 (   1.871s) [        920C0A40]vtkOpenGLPolyDataMapper:336   WARN| vtkOpenGLPolyDataMapper::GetGeometryShaderCode was deprecated for VTK 9.0 and will be removed in a future version.  Use vtkOpenGLShaderProperty::GetGeometryShaderCode instead.[0m
[0m[33m2026-07-27 23:32:47.697 (   1.871s) [        920C0A40]vtkOpenGLPolyDataMapper:328   WARN| vtkOpenGLPolyDataMapper::SetGeometryShaderCode was deprecated for VTK 9.0 and will be removed in a future version.  Use vtkOpenGLShaderProperty::SetGeometryShaderCode instead.[0m
[0m[33m2026-07-27 23:32:47.697 (   1.871s) [        920C0A40]vtkOpenGLPolyDataMapper:321   WARN| vtkOpenGLPolyDataMapper::GetFragmentShaderCode was deprecated for VTK 9.0 and will be removed in a future version.  Use vtkOpenGLShaderProperty::GetFragmentShaderCode instead.[0m
[0m[33m2026-07-27 23:32:47.697 (   1.871s) [        920C0A40]vtkOpenGLPolyDataMapper:313   WARN| vtkOpenGLPolyDataMapper::SetFragmentShaderCode was deprecated for VTK 9.0 and will be removed in a future version.  Use vtkOpenGLShaderProperty::SetFragmentShaderCode instead.[0m
 ---------------------------------------------------------------------- 
 | openEMS 64bit -- version v0.37.0-rc1-2-g7b051bb
 | (C) 2010-2026 Thorsten Liebig <thorsten.liebig@gmx.de>  GPL license
 ---------------------------------------------------------------------- 
	Used external libraries:
		CSXCAD -- Version: v0.7.0-rc1-1-g5115701
		hdf5   -- Version: 1.10.10
		          compiled against: HDF5 library version: 1.10.10
		tinyxml -- compiled against: 2.6.2
		fparser
		boost  -- compiled against: 1_83
		vtk -- Version: 9.1.0
		       compiled against: 9.1.0

Create FDTD operator (compressed SSE + multi-threading)
FDTD simulation size: 264x232x55 --> 3.36864e+06 FDTD cells 
FDTD timestep is: 1.58436e-15 s; Nyquist rate: 10519 timesteps @3.00015e+10 Hz
openEMS::SetupFDTD: Warning, the timestep seems to be very small --> long simulation. Check your mesh!?
Excitation signal length is: 120545 timesteps (1.90986e-10s)
Max. number of timesteps: 1000000000 ( --> 8295.66 * Excitation signal length)
Create FDTD engine (compressed SSE + multi-threading)
Running FDTD engine... this may take a while... grab a cup of coffee?!?
[@       44s] Timestep:         2629 || Speed:  200.2 MC/s (1.682e-02 s/TS) || Energy: ~1.71e-24 (- 0.00dB)
[@     1m20s] Timestep:         5258 || Speed:  247.0 MC/s (1.364e-02 s/TS) || Energy: ~5.36e-24 (- 0.00dB)
[@     1m56s] Timestep:         7887 || Speed:  243.8 MC/s (1.382e-02 s/TS) || Energy: ~1.03e-23 (- 0.00dB)
Multithreaded Engine: Best performance found using 2 threads.
[@     2m33s] Timestep:        10516 || Speed:  241.2 MC/s (1.397e-02 s/TS) || Energy: ~1.81e-23 (- 0.00dB)
[@     3m09s] Timestep:        13145 || Speed:  242.0 MC/s (1.392e-02 s/TS) || Energy: ~2.41e-22 (- 0.00dB)
[@     3m46s] Timestep:        15774 || Speed:  241.6 MC/s (1.394e-02 s/TS) || Energy: ~2.18e-21 (- 0.00dB)
[@     4m23s] Timestep:        18403 || Speed:  241.2 MC/s (1.397e-02 s/TS) || Energy: ~1.19e-20 (- 0.00dB)
[@     5m00s] Timestep:        21032 || Speed:  238.6 MC/s (1.412e-02 s/TS) || Energy: ~4.46e-20 (- 0.00dB)
[@     5m37s] Timestep:        23661 || Speed:  236.6 MC/s (1.424e-02 s/TS) || Energy: ~1.22e-19 (- 0.00dB)
[@     6m13s] Timestep:        26290 || Speed:  244.2 MC/s (1.379e-02 s/TS) || Energy: ~2.37e-19 (- 0.00dB)
[@     6m50s] Timestep:        28919 || Speed:  245.1 MC/s (1.375e-02 s/TS) || Energy: ~3.04e-19 (- 0.00dB)
[@     7m26s] Timestep:        31548 || Speed:  240.8 MC/s (1.399e-02 s/TS) || Energy: ~2.20e-19 (- 1.40dB)
[@     8m03s] Timestep:        34177 || Speed:  242.1 MC/s (1.391e-02 s/TS) || Energy: ~4.08e-19 (- 0.00dB)
[@     8m39s] Timestep:        36806 || Speed:  243.1 MC/s (1.386e-02 s/TS) || Energy: ~2.96e-18 (- 0.00dB)
[@     9m16s] Timestep:        39435 || Speed:  239.8 MC/s (1.405e-02 s/TS) || Energy: ~1.24e-17 (- 0.00dB)
[@     9m52s] Timestep:        42064 || Speed:  244.6 MC/s (1.377e-02 s/TS) || Energy: ~3.37e-17 (- 0.00dB)
[@    10m29s] Timestep:        44693 || Speed:  243.0 MC/s (1.387e-02 s/TS) || Energy: ~6.57e-17 (- 0.00dB)
[@    11m06s] Timestep:        47322 || Speed:  240.1 MC/s (1.403e-02 s/TS) || Energy: ~9.51e-17 (- 0.00dB)
[@    11m41s] Timestep:        49951 || Speed:  249.0 MC/s (1.353e-02 s/TS) || Energy: ~9.97e-17 (- 0.00dB)
[@    12m17s] Timestep:        52580 || Speed:  250.1 MC/s (1.347e-02 s/TS) || Energy: ~6.93e-17 (- 1.58dB)
[@    12m53s] Timestep:        55209 || Speed:  245.9 MC/s (1.370e-02 s/TS) || Energy: ~2.70e-17 (- 5.68dB)
[@    13m29s] Timestep:        57838 || Speed:  243.3 MC/s (1.384e-02 s/TS) || Energy: ~2.66e-17 (- 5.74dB)
[@    14m02s] Timestep:        60271 || Speed:  247.0 MC/s (1.364e-02 s/TS) || Energy: ~1.03e-16 (- 0.00dB)
[@    14m42s] Timestep:        63096 || Speed:  242.8 MC/s (1.387e-02 s/TS) || Energy: ~2.72e-16 (- 0.00dB)
[@    15m18s] Timestep:        65725 || Speed:  244.1 MC/s (1.380e-02 s/TS) || Energy: ~4.32e-16 (- 0.00dB)
[@    15m53s] Timestep:        68354 || Speed:  250.4 MC/s (1.345e-02 s/TS) || Energy: ~5.08e-16 (- 0.00dB)
[@    16m29s] Timestep:        70983 || Speed:  250.1 MC/s (1.347e-02 s/TS) || Energy: ~4.65e-16 (- 0.38dB)
[@    17m05s] Timestep:        73612 || Speed:  245.4 MC/s (1.373e-02 s/TS) || Energy: ~3.38e-16 (- 1.77dB)
[@    17m41s] Timestep:        76241 || Speed:  242.3 MC/s (1.390e-02 s/TS) || Energy: ~1.94e-16 (- 4.17dB)
[@    18m17s] Timestep:        78870 || Speed:  245.3 MC/s (1.373e-02 s/TS) || Energy: ~8.61e-17 (- 7.70dB)
[@    18m54s] Timestep:        81499 || Speed:  243.0 MC/s (1.386e-02 s/TS) || Energy: ~2.79e-17 (-12.60dB)
[@    19m29s] Timestep:        84128 || Speed:  250.3 MC/s (1.346e-02 s/TS) || Energy: ~6.30e-18 (-19.06dB)
[@    20m05s] Timestep:        86757 || Speed:  246.2 MC/s (1.368e-02 s/TS) || Energy: ~1.86e-18 (-24.36dB)
[@    20m40s] Timestep:        89386 || Speed:  256.9 MC/s (1.311e-02 s/TS) || Energy: ~1.86e-18 (-24.36dB)
[@    21m14s] Timestep:        92015 || Speed:  255.4 MC/s (1.319e-02 s/TS) || Energy: ~1.75e-18 (-24.63dB)
[@    21m49s] Timestep:        94644 || Speed:  255.3 MC/s (1.320e-02 s/TS) || Energy: ~1.15e-18 (-26.43dB)
[@    22m24s] Timestep:        97273 || Speed:  255.9 MC/s (1.317e-02 s/TS) || Energy: ~5.93e-19 (-29.32dB)
[@    22m58s] Timestep:        99902 || Speed:  256.0 MC/s (1.316e-02 s/TS) || Energy: ~2.80e-19 (-32.59dB)
[@    23m35s] Timestep:       102531 || Speed:  240.1 MC/s (1.403e-02 s/TS) || Energy: ~1.57e-19 (-35.10dB)
[@    24m12s] Timestep:       105160 || Speed:  239.6 MC/s (1.406e-02 s/TS) || Energy: ~1.18e-19 (-36.33dB)
[@    24m48s] Timestep:       107789 || Speed:  243.7 MC/s (1.382e-02 s/TS) || Energy: ~1.04e-19 (-36.89dB)
[@    25m24s] Timestep:       110418 || Speed:  250.2 MC/s (1.346e-02 s/TS) || Energy: ~9.35e-20 (-37.35dB)
[@    25m59s] Timestep:       113047 || Speed:  249.1 MC/s (1.352e-02 s/TS) || Energy: ~8.33e-20 (-37.85dB)
[@    26m35s] Timestep:       115676 || Speed:  248.0 MC/s (1.358e-02 s/TS) || Energy: ~7.40e-20 (-38.36dB)
[@    27m11s] Timestep:       118305 || Speed:  248.6 MC/s (1.355e-02 s/TS) || Energy: ~6.58e-20 (-38.87dB)
[@    27m47s] Timestep:       120934 || Speed:  244.6 MC/s (1.377e-02 s/TS) || Energy: ~5.87e-20 (-39.36dB)
[@    28m22s] Timestep:       123563 || Speed:  250.8 MC/s (1.343e-02 s/TS) || Energy: ~5.28e-20 (-39.83dB)
[@    28m58s] Timestep:       126192 || Speed:  245.3 MC/s (1.373e-02 s/TS) || Energy: ~4.76e-20 (-40.28dB)
[@    29m35s] Timestep:       128821 || Speed:  241.0 MC/s (1.398e-02 s/TS) || Energy: ~4.30e-20 (-40.72dB)
[@    30m11s] Timestep:       131450 || Speed:  243.0 MC/s (1.386e-02 s/TS) || Energy: ~3.89e-20 (-41.15dB)
[@    30m47s] Timestep:       134079 || Speed:  250.6 MC/s (1.344e-02 s/TS) || Energy: ~3.54e-20 (-41.57dB)
[@    31m23s] Timestep:       136708 || Speed:  246.0 MC/s (1.369e-02 s/TS) || Energy: ~3.22e-20 (-41.98dB)
[@    31m58s] Timestep:       139337 || Speed:  250.5 MC/s (1.345e-02 s/TS) || Energy: ~2.93e-20 (-42.38dB)
[@    32m34s] Timestep:       141966 || Speed:  246.7 MC/s (1.365e-02 s/TS) || Energy: ~2.68e-20 (-42.77dB)
[@    33m10s] Timestep:       144595 || Speed:  248.1 MC/s (1.358e-02 s/TS) || Energy: ~2.45e-20 (-43.16dB)
[@    33m46s] Timestep:       147224 || Speed:  244.9 MC/s (1.376e-02 s/TS) || Energy: ~2.25e-20 (-43.54dB)
[@    34m21s] Timestep:       149853 || Speed:  249.4 MC/s (1.351e-02 s/TS) || Energy: ~2.06e-20 (-43.91dB)
[@    34m59s] Timestep:       152482 || Speed:  238.4 MC/s (1.413e-02 s/TS) || Energy: ~1.90e-20 (-44.28dB)
[@    35m37s] Timestep:       155111 || Speed:  228.9 MC/s (1.471e-02 s/TS) || Energy: ~1.74e-20 (-44.64dB)
[@    36m14s] Timestep:       157740 || Speed:  243.6 MC/s (1.383e-02 s/TS) || Energy: ~1.61e-20 (-44.99dB)
[@    36m50s] Timestep:       160369 || Speed:  242.1 MC/s (1.391e-02 s/TS) || Energy: ~1.48e-20 (-45.34dB)
[@    37m26s] Timestep:       162998 || Speed:  245.4 MC/s (1.373e-02 s/TS) || Energy: ~1.37e-20 (-45.69dB)
[@    38m02s] Timestep:       165627 || Speed:  247.9 MC/s (1.359e-02 s/TS) || Energy: ~1.27e-20 (-46.03dB)
[@    38m38s] Timestep:       168256 || Speed:  244.6 MC/s (1.377e-02 s/TS) || Energy: ~1.17e-20 (-46.36dB)
[@    39m15s] Timestep:       170885 || Speed:  241.8 MC/s (1.393e-02 s/TS) || Energy: ~1.09e-20 (-46.69dB)
[@    39m55s] Timestep:       173514 || Speed:  221.8 MC/s (1.519e-02 s/TS) || Energy: ~1.01e-20 (-47.02dB)
[@    40m31s] Timestep:       176143 || Speed:  243.4 MC/s (1.384e-02 s/TS) || Energy: ~9.35e-21 (-47.35dB)
[@    41m07s] Timestep:       178772 || Speed:  247.4 MC/s (1.361e-02 s/TS) || Energy: ~8.68e-21 (-47.67dB)
[@    41m43s] Timestep:       181401 || Speed:  243.6 MC/s (1.383e-02 s/TS) || Energy: ~8.07e-21 (-47.99dB)
[@    42m19s] Timestep:       184030 || Speed:  247.5 MC/s (1.361e-02 s/TS) || Energy: ~7.50e-21 (-48.30dB)
[@    42m55s] Timestep:       186659 || Speed:  243.4 MC/s (1.384e-02 s/TS) || Energy: ~6.99e-21 (-48.61dB)
[@    43m32s] Timestep:       189288 || Speed:  245.0 MC/s (1.375e-02 s/TS) || Energy: ~6.51e-21 (-48.92dB)
[@    44m09s] Timestep:       191917 || Speed:  239.5 MC/s (1.406e-02 s/TS) || Energy: ~6.06e-21 (-49.23dB)
[@    44m45s] Timestep:       194546 || Speed:  246.3 MC/s (1.368e-02 s/TS) || Energy: ~5.65e-21 (-49.53dB)
[@    45m20s] Timestep:       197175 || Speed:  248.7 MC/s (1.355e-02 s/TS) || Energy: ~5.27e-21 (-49.83dB)
[@    45m57s] Timestep:       199804 || Speed:  241.1 MC/s (1.397e-02 s/TS) || Energy: ~4.92e-21 (-50.13dB)
